Component: ARM Compiler 5.06 update 6 (build 750) Tool: armlink [4d35ed]

==============================================================================

Section Cross References

    startup_stm32f411xe.o(STACK) refers (Special) to heapauxi.o(.text) for __use_two_region_memory
    startup_stm32f411xe.o(HEAP) refers (Special) to heapauxi.o(.text) for __use_two_region_memory
    startup_stm32f411xe.o(RESET) refers (Special) to heapauxi.o(.text) for __use_two_region_memory
    startup_stm32f411xe.o(RESET) refers to startup_stm32f411xe.o(STACK) for __initial_sp
    startup_stm32f411xe.o(RESET) refers to startup_stm32f411xe.o(.text) for Reset_Handler
    startup_stm32f411xe.o(RESET) refers to stm32f4xx_it.o(i.NMI_Handler) for NMI_Handler
    startup_stm32f411xe.o(RESET) refers to stm32f4xx_it.o(i.HardFault_Handler) for HardFault_Handler
    startup_stm32f411xe.o(RESET) refers to stm32f4xx_it.o(i.MemManage_Handler) for MemManage_Handler
    startup_stm32f411xe.o(RESET) refers to stm32f4xx_it.o(i.BusFault_Handler) for BusFault_Handler
    startup_stm32f411xe.o(RESET) refers to stm32f4xx_it.o(i.UsageFault_Handler) for UsageFault_Handler
    startup_stm32f411xe.o(RESET) refers to stm32f4xx_it.o(i.SVC_Handler) for SVC_Handler
    startup_stm32f411xe.o(RESET) refers to stm32f4xx_it.o(i.DebugMon_Handler) for DebugMon_Handler
    startup_stm32f411xe.o(RESET) refers to stm32f4xx_it.o(i.PendSV_Handler) for PendSV_Handler
    startup_stm32f411xe.o(RESET) refers to stm32f4xx_it.o(i.SysTick_Handler) for SysTick_Handler
    startup_stm32f411xe.o(RESET) refers to stm32f4xx_it.o(i.TIM1_UP_TIM10_IRQHandler) for TIM1_UP_TIM10_IRQHandler
    startup_stm32f411xe.o(RESET) refers to stm32f4xx_it.o(i.TIM2_IRQHandler) for TIM2_IRQHandler
    startup_stm32f411xe.o(RESET) refers to stm32f4xx_it.o(i.USART1_IRQHandler) for USART1_IRQHandler
    startup_stm32f411xe.o(.text) refers (Special) to heapauxi.o(.text) for __use_two_region_memory
    startup_stm32f411xe.o(.text) refers to system_stm32f4xx.o(i.SystemInit) for SystemInit
    startup_stm32f411xe.o(.text) refers to __main.o(!!!main) for __main
    startup_stm32f411xe.o(.text) refers to startup_stm32f411xe.o(HEAP) for Heap_Mem
    startup_stm32f411xe.o(.text) refers to startup_stm32f411xe.o(STACK) for Stack_Mem
    main.o(i.SystemClock_Config) refers to rt_memclr_w.o(.text) for __aeabi_memclr4
    main.o(i.SystemClock_Config) refers to stm32f4xx_hal_rcc.o(i.HAL_RCC_OscConfig) for HAL_RCC_OscConfig
    main.o(i.SystemClock_Config) refers to main.o(i.Error_Handler) for Error_Handler
    main.o(i.SystemClock_Config) refers to stm32f4xx_hal_rcc.o(i.HAL_RCC_ClockConfig) for HAL_RCC_ClockConfig
    main.o(i.main) refers to _printf_percent.o(.ARM.Collect$$_printf_percent$$00000000) for _printf_percent
    main.o(i.main) refers to _printf_f.o(.ARM.Collect$$_printf_percent$$00000003) for _printf_f
    main.o(i.main) refers to printf1.o(x$fpl$printf1) for _printf_fp_dec
    main.o(i.main) refers to stm32f4xx_hal.o(i.HAL_Init) for HAL_Init
    main.o(i.main) refers to main.o(i.SystemClock_Config) for SystemClock_Config
    main.o(i.main) refers to gpio.o(i.MX_GPIO_Init) for MX_GPIO_Init
    main.o(i.main) refers to tim.o(i.MX_TIM1_Init) for MX_TIM1_Init
    main.o(i.main) refers to i2c.o(i.MX_I2C1_Init) for MX_I2C1_Init
    main.o(i.main) refers to tim.o(i.MX_TIM2_Init) for MX_TIM2_Init
    main.o(i.main) refers to usart.o(i.MX_USART1_UART_Init) for MX_USART1_UART_Init
    main.o(i.main) refers to tim.o(i.MX_TIM9_Init) for MX_TIM9_Init
    main.o(i.main) refers to mpu6050.o(i.MPU_Init) for MPU_Init
    main.o(i.main) refers to inv_mpu.o(i.mpu_dmp_init) for mpu_dmp_init
    main.o(i.main) refers to stm32f4xx_hal_tim.o(i.HAL_TIM_Base_Start_IT) for HAL_TIM_Base_Start_IT
    main.o(i.main) refers to stm32f4xx_hal_tim.o(i.HAL_TIM_Base_Start) for HAL_TIM_Base_Start
    main.o(i.main) refers to stm32f4xx_hal_tim.o(i.HAL_TIM_PWM_Start) for HAL_TIM_PWM_Start
    main.o(i.main) refers to stm32f4xx_hal_uart.o(i.HAL_UART_Receive_IT) for HAL_UART_Receive_IT
    main.o(i.main) refers to pid.o(i.set_p_i_d) for set_p_i_d
    main.o(i.main) refers to inv_mpu.o(i.mpu_dmp_get_data) for mpu_dmp_get_data
    main.o(i.main) refers to f2d.o(x$fpl$f2d) for __aeabi_f2d
    main.o(i.main) refers to noretval__2printf.o(.text) for __2printf
    main.o(i.main) refers to tim.o(.bss) for htim1
    main.o(i.main) refers to main.o(.data) for uart1_rxbuff
    main.o(i.main) refers to usart.o(.bss) for huart1
    main.o(i.main) refers to pid.o(.bss) for pid_positionX
    main.o(i.main) refers to control.o(.data) for target_position
    gpio.o(i.MX_GPIO_Init) refers to rt_memclr_w.o(.text) for __aeabi_memclr4
    gpio.o(i.MX_GPIO_Init) refers to stm32f4xx_hal_gpio.o(i.HAL_GPIO_WritePin) for HAL_GPIO_WritePin
    gpio.o(i.MX_GPIO_Init) refers to stm32f4xx_hal_gpio.o(i.HAL_GPIO_Init) for HAL_GPIO_Init
    i2c.o(i.HAL_I2C_MspDeInit) refers to stm32f4xx_hal_gpio.o(i.HAL_GPIO_DeInit) for HAL_GPIO_DeInit
[...]
    __rt_exit_exit                           0x0800025b   Thumb Code     0  rtexit2.o(.ARM.Collect$$rtexit$$00000004)
    Reset_Handler                            0x08000261   Thumb Code     8  startup_stm32f411xe.o(.text)
    _maybe_terminate_alloc                   0x08000261   Thumb Code     0  maybetermalloc1.o(.emb_text)
    ADC_IRQHandler                           0x0800027b   Thumb Code     0  startup_stm32f411xe.o(.text)
    DMA1_Stream0_IRQHandler                  0x0800027b   Thumb Code     0  startup_stm32f411xe.o(.text)
    DMA1_Stream1_IRQHandler                  0x0800027b   Thumb Code     0  startup_stm32f411xe.o(.text)
    DMA1_Stream2_IRQHandler                  0x0800027b   Thumb Code     0  startup_stm32f411xe.o(.text)
    DMA1_Stream3_IRQHandler                  0x0800027b   Thumb Code     0  startup_stm32f411xe.o(.text)
    DMA1_Stream4_IRQHandler                  0x0800027b   Thumb Code     0  startup_stm32f411xe.o(.text)
    DMA1_Stream5_IRQHandler                  0x0800027b   Thumb Code     0  startup_stm32f411xe.o(.text)
    DMA1_Stream6_IRQHandler                  0x0800027b   Thumb Code     0  startup_stm32f411xe.o(.text)
    DMA1_Stream7_IRQHandler                  0x0800027b   Thumb Code     0  startup_stm32f411xe.o(.text)
    DMA2_Stream0_IRQHandler                  0x0800027b   Thumb Code     0  startup_stm32f411xe.o(.text)
    DMA2_Stream1_IRQHandler                  0x0800027b   Thumb Code     0  startup_stm32f411xe.o(.text)
    DMA2_Stream2_IRQHandler                  0x0800027b   Thumb Code     0  startup_stm32f411xe.o(.text)
    DMA2_Stream3_IRQHandler                  0x0800027b   Thumb Code     0  startup_stm32f411xe.o(.text)
    DMA2_Stream4_IRQHandler                  0x0800027b   Thumb Code     0  startup_stm32f411xe.o(.text)
    DMA2_Stream5_IRQHandler                  0x0800027b   Thumb Code     0  startup_stm32f411xe.o(.text)
    DMA2_Stream6_IRQHandler                  0x0800027b   Thumb Code     0  startup_stm32f411xe.o(.text)
    DMA2_Stream7_IRQHandler                  0x0800027b   Thumb Code     0  startup_stm32f411xe.o(.text)
    EXTI0_IRQHandler                         0x0800027b   Thumb Code     0  startup_stm32f411xe.o(.text)
    EXTI15_10_IRQHandler                     0x0800027b   Thumb Code     0  startup_stm32f411xe.o(.text)
    EXTI1_IRQHandler                         0x0800027b   Thumb Code     0  startup_stm32f411xe.o(.text)
    EXTI2_IRQHandler                         0x0800027b   Thumb Code     0  startup_stm32f411xe.o(.text)
    EXTI3_IRQHandler                         0x0800027b   Thumb Code     0  startup_stm32f411xe.o(.text)
    EXTI4_IRQHandler                         0x0800027b   Thumb Code     0  startup_stm32f411xe.o(.text)
    EXTI9_5_IRQHandler                       0x0800027b   Thumb Code     0  startup_stm32f411xe.o(.text)
    FLASH_IRQHandler                         0x0800027b   Thumb Code     0  startup_stm32f411xe.o(.text)
    FPU_IRQHandler                           0x0800027b   Thumb Code     0  startup_stm32f411xe.o(.text)
    I2C1_ER_IRQHandler                       0x0800027b   Thumb Code     0  startup_stm32f411xe.o(.text)
    I2C1_EV_IRQHandler                       0x0800027b   Thumb Code     0  startup_stm32f411xe.o(.text)
    I2C2_ER_IRQHandler                       0x0800027b   Thumb Code     0  startup_stm32f411xe.o(.text)
    I2C2_EV_IRQHandler                       0x0800027b   Thumb Code     0  startup_stm32f411xe.o(.text)
    I2C3_ER_IRQHandler                       0x0800027b   Thumb Code     0  startup_stm32f411xe.o(.text)
    I2C3_EV_IRQHandler                       0x0800027b   Thumb Code     0  startup_stm32f411xe.o(.text)
    OTG_FS_IRQHandler                        0x0800027b   Thumb Code     0  startup_stm32f411xe.o(.text)
    OTG_FS_WKUP_IRQHandler                   0x0800027b   Thumb Code     0  startup_stm32f411xe.o(.text)
    PVD_IRQHandler                           0x0800027b   Thumb Code     0  startup_stm32f411xe.o(.text)
    RCC_IRQHandler                           0x0800027b   Thumb Code     0  startup_stm32f411xe.o(.text)
    RTC_Alarm_IRQHandler                     0x0800027b   Thumb Code     0  startup_stm32f411xe.o(.text)
    RTC_WKUP_IRQHandler                      0x0800027b   Thumb Code     0  startup_stm32f411xe.o(.text)
    SDIO_IRQHandler                          0x0800027b   Thumb Code     0  startup_stm32f411xe.o(.text)
    SPI1_IRQHandler                          0x0800027b   Thumb Code     0  startup_stm32f411xe.o(.text)
    SPI2_IRQHandler                          0x0800027b   Thumb Code     0  startup_stm32f411xe.o(.text)
    SPI3_IRQHandler                          0x0800027b   Thumb Code     0  startup_stm32f411xe.o(.text)
    SPI4_IRQHandler                          0x0800027b   Thumb Code     0  startup_stm32f411xe.o(.text)
    SPI5_IRQHandler                          0x0800027b   Thumb Code     0  startup_stm32f411xe.o(.text)
    TAMP_STAMP_IRQHandler                    0x0800027b   Thumb Code     0  startup_stm32f411xe.o(.text)
    TIM1_BRK_TIM9_IRQHandler                 0x0800027b   Thumb Code     0  startup_stm32f411xe.o(.text)
    TIM1_CC_IRQHandler                       0x0800027b   Thumb Code     0  startup_stm32f411xe.o(.text)
    TIM1_TRG_COM_TIM11_IRQHandler            0x0800027b   Thumb Code     0  startup_stm32f411xe.o(.text)
    TIM3_IRQHandler                          0x0800027b   Thumb Code     0  startup_stm32f411xe.o(.text)
    TIM4_IRQHandler                          0x0800027b   Thumb Code     0  startup_stm32f411xe.o(.text)
    TIM5_IRQHandler                          0x0800027b   Thumb Code     0  startup_stm32f411xe.o(.text)
    USART2_IRQHandler                        0x0800027b   Thumb Code     0  startup_stm32f411xe.o(.text)
    USART6_IRQHandler                        0x0800027b   Thumb Code     0  startup_stm32f411xe.o(.text)
    WWDG_IRQHandler                          0x0800027b   Thumb Code     0  startup_stm32f411xe.o(.text)
    __user_initial_stackheap                 0x0800027d   Thumb Code     0  startup_stm32f411xe.o(.text)
    __aeabi_uldivmod                         0x080002a1   Thumb Code     0  lludivv7m.o(.text)
    _ll_udiv                                 0x080002a1   Thumb Code   238  lludivv7m.o(.text)
    __aeabi_ldivmod                          0x0800038f   Thumb Code     0  llsdiv.o(.text)
    _ll_sdiv                                 0x0800038f   Thumb Code    72  llsdiv.o(.text)
    __2printf                                0x080003d9   Thumb Code    20  noretval__2printf.o(.text)
    __printf                                 0x080003f1   Thumb Code   388  __printf_flags_ss_wp.o(.text)
    memcmp                                   0x08000579   Thumb Code    88  memcmp.o(.text)
    __aeabi_memset                           0x080005d1   Thumb Code    16  aeabi_memset.o(.text)
    __aeabi_memclr4                          0x080005e1   Thumb Code     0  rt_memclr_w.o(.text)
    __aeabi_memclr8                          0x080005e1   Thumb Code     0  rt_memclr_w.o(.text)
    __rt_memclr_w                            0x080005e1   Thumb Code    78  rt_memclr_w.o(.text)
    _memset_w                                0x080005e5   Thumb Code     0  rt_memclr_w.o(.text)
    __use_two_region_memory                  0x0800062f   Thumb Code     2  heapauxi.o(.text)
    __rt_heap_escrow                         0x08000631   Thumb Code     2  heapauxi.o(.text)
    __rt_heap_expand                         0x08000633   Thumb Code     2  heapauxi.o(.text)
    __read_errno                             0x08000635   Thumb Code    10  _rserrno.o(.text)
    __set_errno                              0x0800063f   Thumb Code    12  _rserrno.o(.text)
    __lib_sel_fp_printf                      0x0800064b   Thumb Code     2  _printf_fp_dec.o(.text)
    _printf_fp_dec_real                      0x080007fd   Thumb Code   620  _printf_fp_dec.o(.text)
    _printf_char_file                        0x08000a69   Thumb Code    32  _printf_char_file.o(.text)
    __aeabi_memclr                           0x08000a8d   Thumb Code     0  rt_memclr.o(.text)
    __rt_memclr                              0x08000a8d   Thumb Code    68  rt_memclr.o(.text)
    _memset                                  0x08000a91   Thumb Code     0  rt_memclr.o(.text)
    __rt_locale                              0x08000ad1   Thumb Code     8  rt_locale_intlibspace.o(.text)
    __aeabi_errno_addr                       0x08000ad9   Thumb Code     8  rt_errno_addr_intlibspace.o(.text)
    __errno$intlibspace                      0x08000ad9   Thumb Code     0  rt_errno_addr_intlibspace.o(.text)
    __rt_errno_addr$intlibspace              0x08000ad9   Thumb Code     0  rt_errno_addr_intlibspace.o(.text)
    _ll_udiv10                               0x08000ae1   Thumb Code   138  lludiv10.o(.text)
    _printf_char_common                      0x08000b77   Thumb Code    32  _printf_char_common.o(.text)
    _printf_fp_infnan                        0x08000b9d   Thumb Code   112  _printf_fp_infnan.o(.text)
    _btod_etento                             0x08000c1d   Thumb Code   224  bigflt0.o(.text)
    ferror                                   0x08000d01   Thumb Code     8  ferror.o(.text)
    _initio                                  0x08000d09   Thumb Code   210  initio.o(.text)
    _terminateio                             0x08000ddb   Thumb Code    56  initio.o(.text)
    _sys_open                                0x08000e41   Thumb Code    20  sys_io.o(.text)
    _sys_close                               0x08000e55   Thumb Code    12  sys_io.o(.text)
    _sys_write                               0x08000e61   Thumb Code    16  sys_io.o(.text)
    _sys_read                                0x08000e71   Thumb Code    14  sys_io.o(.text)
    _sys_istty                               0x08000e7f   Thumb Code    12  sys_io.o(.text)
    _sys_seek                                0x08000e8b   Thumb Code    14  sys_io.o(.text)
    _sys_ensure                              0x08000e99   Thumb Code     2  sys_io.o(.text)
    _sys_flen                                0x08000e9b   Thumb Code    12  sys_io.o(.text)
    __user_libspace                          0x08000ea9   Thumb Code     8  libspace.o(.text)
    __user_perproc_libspace                  0x08000ea9   Thumb Code     0  libspace.o(.text)
    __user_perthread_libspace                0x08000ea9   Thumb Code     0  libspace.o(.text)
    __user_setup_stackheap                   0x08000eb1   Thumb Code    74  sys_stackheap_outer.o(.text)
    free                                     0x08000efb   Thumb Code    78  h1_free.o(.text)
    setvbuf                                  0x08000f49   Thumb Code    70  setvbuf.o(.text)
    freopen                                  0x08000f91   Thumb Code   158  fopen.o(.text)
    fopen                                    0x0800102f   Thumb Code    74  fopen.o(.text)
    _fclose_internal                         0x0800107d   Thumb Code    76  fclose.o(.text)
    fclose                                   0x0800107d   Thumb Code     0  fclose.o(.text)
    exit                                     0x080010c9   Thumb Code    18  exit.o(.text)
    __rt_SIGRTRED                            0x080010db   Thumb Code    14  defsig_rtred_outer.o(.text)
    strcmp                                   0x080010e9   Thumb Code   128  strcmpv7m.o(.text)
    __I$use$semihosting                      0x08001169   Thumb Code     0  use_no_semi.o(.text)
    __use_no_semihosting_swi                 0x08001169   Thumb Code     2  use_no_semi.o(.text)
    __semihosting_library_function           0x0800116b   Thumb Code     0  indicate_semi.o(.text)
    __rt_heap_descriptor                     0x0800116d   Thumb Code     8  rt_heap_descriptor_intlibspace.o(.text)
    __use_no_heap                            0x08001175   Thumb Code     2  hguard.o(.text)
    __heap$guard                             0x08001177   Thumb Code     2  hguard.o(.text)
    _terminate_user_alloc                    0x08001179   Thumb Code     2  init_alloc.o(.text)
    _init_user_alloc                         0x0800117b   Thumb Code     2  init_alloc.o(.text)
    __Heap_Full                              0x0800117d   Thumb Code    34  init_alloc.o(.text)
    __Heap_Broken                            0x0800119f   Thumb Code     6  init_alloc.o(.text)
    _init_alloc                              0x080011a5   Thumb Code    94  init_alloc.o(.text)
    malloc                                   0x08001203   Thumb Code    94  h1_alloc.o(.text)
    _fseek                                   0x08001261   Thumb Code   242  fseek.o(.text)
    fseek                                    0x08001261   Thumb Code     0  fseek.o(.text)
    _seterr                                  0x08001359   Thumb Code    20  stdio.o(.text)
    _writebuf                                0x0800136d   Thumb Code    84  stdio.o(.text)
    _fflush                                  0x080013c1   Thumb Code    70  stdio.o(.text)
    _deferredlazyseek                        0x08001407   Thumb Code    60  stdio.o(.text)
    __sig_exit                               0x08001449   Thumb Code    10  defsig_exit.o(.text)
    __rt_SIGRTRED_inner                      0x08001455   Thumb Code    14  defsig_rtred_inner.o(.text)
    strlen                                   0x08001489   Thumb Code    62  strlen.o(.text)
    _sys_exit                                0x080014c9   Thumb Code     8  sys_exit.o(.text)
    __Heap_Initialize                        0x080014d5   Thumb Code    10  h1_init.o(.text)
    __Heap_DescSize                          0x080014df   Thumb Code     4  h1_init.o(.text)
    __Heap_ProvideMemory                     0x080014e3   Thumb Code    52  h1_extend.o(.text)
    _ftell_internal                          0x08001517   Thumb Code    66  ftell.o(.text)
    ftell                                    0x08001517   Thumb Code     0  ftell.o(.text)
    __default_signal_display                 0x08001559   Thumb Code    50  defsig_general.o(.text)
    __rt_SIGRTMEM                            0x0800158b   Thumb Code    14  defsig_rtmem_outer.o(.text)
    _ttywrch                                 0x08001599   Thumb Code    14  sys_wrch.o(.text)
    __rt_SIGRTMEM_inner                      0x080015a9   Thumb Code    22  defsig_rtmem_inner.o(.text)
    _btod_d2e                                0x080015f9   Thumb Code    62  btod.o(CL$$btod_d2e)
    _d2e_denorm_low                          0x08001637   Thumb Code    70  btod.o(CL$$btod_d2e_denorm_low)
    _d2e_norm_op1                            0x0800167d   Thumb Code    96  btod.o(CL$$btod_d2e_norm_op1)
    __btod_div_common                        0x080016dd   Thumb Code   696  btod.o(CL$$btod_div_common)
    _e2e                                     0x08001a15   Thumb Code   220  btod.o(CL$$btod_e2e)
    _btod_ediv                               0x08001af1   Thumb Code    42  btod.o(CL$$btod_ediv)
    _btod_emul                               0x08001b1b   Thumb Code    42  btod.o(CL$$btod_emul)
    __btod_mult_common                       0x08001b45   Thumb Code   580  btod.o(CL$$btod_mult_common)
    AngleControlOutput                       0x08001d89   Thumb Code   126  control.o(i.AngleControlOutput)
    BusFault_Handler                         0x08001e25   Thumb Code     4  stm32f4xx_it.o(i.BusFault_Handler)
    DebugMon_Handler                         0x08001e29   Thumb Code     2  stm32f4xx_it.o(i.DebugMon_Handler)
    Error_Handler                            0x08001e2b   Thumb Code     6  main.o(i.Error_Handler)
    HAL_DMA_Abort                            0x08001e31   Thumb Code   172  stm32f4xx_hal_dma.o(i.HAL_DMA_Abort)
    HAL_DMA_Abort_IT                         0x08001edd   Thumb Code    40  stm32f4xx_hal_dma.o(i.HAL_DMA_Abort_IT)
    HAL_Delay                                0x08001f05   Thumb Code    36  stm32f4xx_hal.o(i.HAL_Delay)
    HAL_GPIO_Init                            0x08001f2d   Thumb Code   424  stm32f4xx_hal_gpio.o(i.HAL_GPIO_Init)
    HAL_GPIO_ReadPin                         0x080020f5   Thumb Code    16  stm32f4xx_hal_gpio.o(i.HAL_GPIO_ReadPin)
    HAL_GPIO_TogglePin                       0x08002105   Thumb Code    20  stm32f4xx_hal_gpio.o(i.HAL_GPIO_TogglePin)
    HAL_GPIO_WritePin                        0x08002119   Thumb Code    12  stm32f4xx_hal_gpio.o(i.HAL_GPIO_WritePin)
    HAL_GetTick                              0x08002125   Thumb Code     6  stm32f4xx_hal.o(i.HAL_GetTick)
    HAL_I2C_Init                             0x08002131   Thumb Code   446  stm32f4xx_hal_i2c.o(i.HAL_I2C_Init)
    HAL_I2C_MspInit                          0x08002301   Thumb Code   122  i2c.o(i.HAL_I2C_MspInit)
    HAL_IncTick                              0x08002389   Thumb Code    16  stm32f4xx_hal.o(i.HAL_IncTick)
    HAL_Init                                 0x080023a1   Thumb Code    54  stm32f4xx_hal.o(i.HAL_Init)
    HAL_InitTick                             0x080023dd   Thumb Code    64  stm32f4xx_hal.o(i.HAL_InitTick)
    HAL_MspInit                              0x08002429   Thumb Code    68  stm32f4xx_hal_msp.o(i.HAL_MspInit)
    HAL_NVIC_EnableIRQ                       0x08002471   Thumb Code    40  stm32f4xx_hal_cortex.o(i.HAL_NVIC_EnableIRQ)
    HAL_NVIC_SetPriority                     0x08002499   Thumb Code   124  stm32f4xx_hal_cortex.o(i.HAL_NVIC_SetPriority)
    HAL_NVIC_SetPriorityGrouping             0x08002515   Thumb Code    32  stm32f4xx_hal_cortex.o(i.HAL_NVIC_SetPriorityGrouping)
    HAL_RCC_ClockConfig                      0x0800253d   Thumb Code   368  stm32f4xx_hal_rcc.o(i.HAL_RCC_ClockConfig)
    HAL_RCC_GetHCLKFreq                      0x080026c1   Thumb Code     6  stm32f4xx_hal_rcc.o(i.HAL_RCC_GetHCLKFreq)
    HAL_RCC_GetPCLK1Freq                     0x080026cd   Thumb Code    22  stm32f4xx_hal_rcc.o(i.HAL_RCC_GetPCLK1Freq)
    HAL_RCC_GetPCLK2Freq                     0x080026ed   Thumb Code    22  stm32f4xx_hal_rcc.o(i.HAL_RCC_GetPCLK2Freq)
    HAL_RCC_GetSysClockFreq                  0x0800270d   Thumb Code   162  stm32f4xx_hal_rcc.o(i.HAL_RCC_GetSysClockFreq)
    HAL_RCC_OscConfig                        0x080027bd   Thumb Code  1172  stm32f4xx_hal_rcc.o(i.HAL_RCC_OscConfig)
    HAL_SYSTICK_Config                       0x08002c59   Thumb Code    52  stm32f4xx_hal_cortex.o(i.HAL_SYSTICK_Config)
    HAL_TIMEx_BreakCallback                  0x08002c8d   Thumb Code     2  stm32f4xx_hal_tim_ex.o(i.HAL_TIMEx_BreakCallback)
    HAL_TIMEx_CommutCallback                 0x08002c8f   Thumb Code     2  stm32f4xx_hal_tim_ex.o(i.HAL_TIMEx_CommutCallback)
    HAL_TIMEx_MasterConfigSynchronization    0x08002c91   Thumb Code   134  stm32f4xx_hal_tim_ex.o(i.HAL_TIMEx_MasterConfigSynchronization)
    HAL_TIM_Base_Init                        0x08002d2d   Thumb Code   102  stm32f4xx_hal_tim.o(i.HAL_TIM_Base_Init)
    HAL_TIM_Base_MspInit                     0x08002d95   Thumb Code   166  tim.o(i.HAL_TIM_Base_MspInit)
    HAL_TIM_Base_Start                       0x08002e49   Thumb Code   110  stm32f4xx_hal_tim.o(i.HAL_TIM_Base_Start)
    HAL_TIM_Base_Start_IT                    0x08002ecd   Thumb Code   122  stm32f4xx_hal_tim.o(i.HAL_TIM_Base_Start_IT)
    HAL_TIM_ConfigClockSource                0x08002f5d   Thumb Code   268  stm32f4xx_hal_tim.o(i.HAL_TIM_ConfigClockSource)
    HAL_TIM_IC_CaptureCallback               0x08003069   Thumb Code     2  stm32f4xx_hal_tim.o(i.HAL_TIM_IC_CaptureCallback)
    HAL_TIM_IRQHandler                       0x0800306b   Thumb Code   364  stm32f4xx_hal_tim.o(i.HAL_TIM_IRQHandler)
    HAL_TIM_MspPostInit                      0x080031d9   Thumb Code    84  tim.o(i.HAL_TIM_MspPostInit)
    HAL_TIM_OC_DelayElapsedCallback          0x08003235   Thumb Code     2  stm32f4xx_hal_tim.o(i.HAL_TIM_OC_DelayElapsedCallback)
    HAL_TIM_PWM_ConfigChannel                0x08003237   Thumb Code   260  stm32f4xx_hal_tim.o(i.HAL_TIM_PWM_ConfigChannel)
    HAL_TIM_PWM_Init                         0x0800333b   Thumb Code   102  stm32f4xx_hal_tim.o(i.HAL_TIM_PWM_Init)
    HAL_TIM_PWM_MspInit                      0x080033a1   Thumb Code     2  stm32f4xx_hal_tim.o(i.HAL_TIM_PWM_MspInit)
    HAL_TIM_PWM_PulseFinishedCallback        0x080033a3   Thumb Code     2  stm32f4xx_hal_tim.o(i.HAL_TIM_PWM_PulseFinishedCallback)
    HAL_TIM_PWM_Start                        0x080033a5   Thumb Code   214  stm32f4xx_hal_tim.o(i.HAL_TIM_PWM_Start)
    HAL_TIM_PeriodElapsedCallback            0x08003491   Thumb Code    52  control_logic.o(i.HAL_TIM_PeriodElapsedCallback)
    HAL_TIM_TriggerCallback                  0x080034d5   Thumb Code     2  stm32f4xx_hal_tim.o(i.HAL_TIM_TriggerCallback)
    HAL_UARTEx_RxEventCallback               0x080034d7   Thumb Code     2  stm32f4xx_hal_uart.o(i.HAL_UARTEx_RxEventCallback)
    HAL_UART_ErrorCallback                   0x080034d9   Thumb Code     2  stm32f4xx_hal_uart.o(i.HAL_UART_ErrorCallback)
    HAL_UART_IRQHandler                      0x080034dd   Thumb Code   772  stm32f4xx_hal_uart.o(i.HAL_UART_IRQHandler)
    HAL_UART_Init                            0x080037e5   Thumb Code   118  stm32f4xx_hal_uart.o(i.HAL_UART_Init)
    HAL_UART_MspInit                         0x0800385d   Thumb Code   140  usart.o(i.HAL_UART_MspInit)
    HAL_UART_Receive_IT                      0x080038f5   Thumb Code    44  stm32f4xx_hal_uart.o(i.HAL_UART_Receive_IT)
    HAL_UART_RxCpltCallback                  0x08003921   Thumb Code    34  uart.o(i.HAL_UART_RxCpltCallback)
    HAL_UART_Transmit                        0x08003951   Thumb Code   190  stm32f4xx_hal_uart.o(i.HAL_UART_Transmit)
    HAL_UART_TxCpltCallback                  0x08003a0f   Thumb Code     2  stm32f4xx_hal_uart.o(i.HAL_UART_TxCpltCallback)
    HardFault_Handler                        0x08003a11   Thumb Code     4  stm32f4xx_it.o(i.HardFault_Handler)
    I2C_Delay                                0x08003a15   Thumb Code    14  mpuiic.o(i.I2C_Delay)
    I2C_End                                  0x08003a25   Thumb Code    42  mpuiic.o(i.I2C_End)
    I2C_ReadByte                             0x08003a55   Thumb Code    82  mpuiic.o(i.I2C_ReadByte)
    I2C_SendByte                             0x08003aad   Thumb Code    84  mpuiic.o(i.I2C_SendByte)
    I2C_Start                                0x08003b05   Thumb Code    52  mpuiic.o(i.I2C_Start)
    IIC_Get_ACK                              0x08003b3d   Thumb Code    54  mpuiic.o(i.IIC_Get_ACK)
    IIC_Send_ACK                             0x08003b79   Thumb Code    60  mpuiic.o(i.IIC_Send_ACK)
    LED_Toggle                               0x08003bb9   Thumb Code    14  servo.o(i.LED_Toggle)
    Limit_speed                              0x08003bcd   Thumb Code   110  control.o(i.Limit_speed)
    MPU_Init                                 0x08003c3b   Thumb Code   106  mpu6050.o(i.MPU_Init)
    MPU_Read_Byte                            0x08003ca5   Thumb Code    46  mpuiic.o(i.MPU_Read_Byte)
    MPU_Read_Len                             0x08003cd3   Thumb Code    94  mpuiic.o(i.MPU_Read_Len)
    MPU_Set_Accel_Fsr                        0x08003d31   Thumb Code    16  mpu6050.o(i.MPU_Set_Accel_Fsr)
    MPU_Set_Gyro_Fsr                         0x08003d41   Thumb Code    16  mpu6050.o(i.MPU_Set_Gyro_Fsr)
    MPU_Set_LPF                              0x08003d51   Thumb Code    58  mpu6050.o(i.MPU_Set_LPF)
    MPU_Set_Rate                             0x08003d8b   Thumb Code    58  mpu6050.o(i.MPU_Set_Rate)
    MPU_Write_Byte                           0x08003dc5   Thumb Code    36  mpuiic.o(i.MPU_Write_Byte)
    MPU_Write_Len                            0x08003de9   Thumb Code    64  mpuiic.o(i.MPU_Write_Len)
    MX_GPIO_Init                             0x08003e29   Thumb Code   230  gpio.o(i.MX_GPIO_Init)
    MX_I2C1_Init                             0x08003f21   Thumb Code    48  i2c.o(i.MX_I2C1_Init)
    MX_TIM1_Init                             0x08003f5d   Thumb Code   102  tim.o(i.MX_TIM1_Init)
    MX_TIM2_Init                             0x08003fcd   Thumb Code   172  tim.o(i.MX_TIM2_Init)
    MX_TIM9_Init                             0x0800407d   Thumb Code    72  tim.o(i.MX_TIM9_Init)
    MX_USART1_UART_Init                      0x080040cd   Thumb Code    46  usart.o(i.MX_USART1_UART_Init)
    MemManage_Handler                        0x08004105   Thumb Code     4  stm32f4xx_it.o(i.MemManage_Handler)
    NMI_Handler                              0x08004109   Thumb Code     4  stm32f4xx_it.o(i.NMI_Handler)
    Openmv_Receive_Data                      0x0800410d   Thumb Code   316  uart.o(i.Openmv_Receive_Data)
    PendSV_Handler                           0x08004271   Thumb Code     2  stm32f4xx_it.o(i.PendSV_Handler)
    SVC_Handler                              0x08004273   Thumb Code     2  stm32f4xx_it.o(i.SVC_Handler)
    Set_servo_angle                          0x08004275   Thumb Code   126  servo.o(i.Set_servo_angle)
    SysTick_Handler                          0x0800430d   Thumb Code     8  stm32f4xx_it.o(i.SysTick_Handler)
    SystemClock_Config                       0x08004315   Thumb Code   168  main.o(i.SystemClock_Config)
    SystemInit                               0x080043c5   Thumb Code    14  system_stm32f4xx.o(i.SystemInit)
    TIM1_UP_TIM10_IRQHandler                 0x080043d9   Thumb Code    10  stm32f4xx_it.o(i.TIM1_UP_TIM10_IRQHandler)
    TIM2_IRQHandler                          0x080043e9   Thumb Code    10  stm32f4xx_it.o(i.TIM2_IRQHandler)
    TIM_Base_SetConfig                       0x080043f9   Thumb Code   142  stm32f4xx_hal_tim.o(i.TIM_Base_SetConfig)
    TIM_CCxChannelCmd                        0x080044a5   Thumb Code    34  stm32f4xx_hal_tim.o(i.TIM_CCxChannelCmd)
    TIM_ETR_SetConfig                        0x080044c7   Thumb Code    22  stm32f4xx_hal_tim.o(i.TIM_ETR_SetConfig)
    TIM_OC2_SetConfig                        0x08004551   Thumb Code   100  stm32f4xx_hal_tim.o(i.TIM_OC2_SetConfig)
    UART_Start_Receive_IT                    0x08004a7d   Thumb Code    64  stm32f4xx_hal_uart.o(i.UART_Start_Receive_IT)
    USART1_IRQHandler                        0x08004ba9   Thumb Code    10  stm32f4xx_it.o(i.USART1_IRQHandler)
    UsageFault_Handler                       0x08004bb9   Thumb Code     4  stm32f4xx_it.o(i.UsageFault_Handler)
    __ARM_fpclassify                         0x08004bbd   Thumb Code    48  fpclassify.o(i.__ARM_fpclassify)
    __hardfp_asin                            0x08004c29   Thumb Code   770  asin.o(i.__hardfp_asin)
    __hardfp_atan                            0x08004f89   Thumb Code   622  atan.o(i.__hardfp_atan)
    __hardfp_atan2                           0x08005261   Thumb Code   432  atan2.o(i.__hardfp_atan2)
    __kernel_poly                            0x08005451   Thumb Code   248  poly.o(i.__kernel_poly)
    __mathlib_dbl_infnan                     0x08005549   Thumb Code    20  dunder.o(i.__mathlib_dbl_infnan)
    __mathlib_dbl_infnan2                    0x0800555d   Thumb Code    20  dunder.o(i.__mathlib_dbl_infnan2)
    __mathlib_dbl_invalid                    0x08005571   Thumb Code    24  dunder.o(i.__mathlib_dbl_invalid)
    __mathlib_dbl_underflow                  0x08005591   Thumb Code    24  dunder.o(i.__mathlib_dbl_underflow)
    _is_digit                                0x080055b1   Thumb Code    14  __printf_wp.o(i._is_digit)
    atan                                     0x08005681   Thumb Code    16  atan.o(i.atan)
    control                                  0x08005691   Thumb Code   394  control.o(i.control)
    dmp_enable_6x_lp_quat                    0x080058d5   Thumb Code    60  inv_mpu_dmp_motion_driver.o(i.dmp_enable_6x_lp_quat)
    dmp_enable_feature                       0x08005911   Thumb Code   530  inv_mpu_dmp_motion_driver.o(i.dmp_enable_feature)
    dmp_enable_gyro_cal                      0x08005b2d   Thumb Code    62  inv_mpu_dmp_motion_driver.o(i.dmp_enable_gyro_cal)
    dmp_enable_lp_quat                       0x08005b85   Thumb Code    60  inv_mpu_dmp_motion_driver.o(i.dmp_enable_lp_quat)
    dmp_load_motion_driver_firmware          0x08005bc1   Thumb Code    20  inv_mpu_dmp_motion_driver.o(i.dmp_load_motion_driver_firmware)
    dmp_read_fifo                            0x08005bd9   Thumb Code   456  inv_mpu_dmp_motion_driver.o(i.dmp_read_fifo)
    dmp_set_accel_bias                       0x08005da5   Thumb Code   300  inv_mpu_dmp_motion_driver.o(i.dmp_set_accel_bias)
    dmp_set_fifo_rate                        0x08005ed5   Thumb Code    96  inv_mpu_dmp_motion_driver.o(i.dmp_set_fifo_rate)
    dmp_set_gyro_bias                        0x08005f45   Thumb Code   294  inv_mpu_dmp_motion_driver.o(i.dmp_set_gyro_bias)
    dmp_set_orientation                      0x08006075   Thumb Code   290  inv_mpu_dmp_motion_driver.o(i.dmp_set_orientation)
    dmp_set_shake_reject_thresh              0x080061ad   Thumb Code    56  inv_mpu_dmp_motion_driver.o(i.dmp_set_shake_reject_thresh)
    dmp_set_shake_reject_time                0x080061e5   Thumb Code    38  inv_mpu_dmp_motion_driver.o(i.dmp_set_shake_reject_time)
    dmp_set_shake_reject_timeout             0x0800620b   Thumb Code    38  inv_mpu_dmp_motion_driver.o(i.dmp_set_shake_reject_timeout)
    dmp_set_tap_axes                         0x08006231   Thumb Code    70  inv_mpu_dmp_motion_driver.o(i.dmp_set_tap_axes)
    dmp_set_tap_count                        0x08006277   Thumb Code    38  inv_mpu_dmp_motion_driver.o(i.dmp_set_tap_count)
    dmp_set_tap_thresh                       0x0800629d   Thumb Code   412  inv_mpu_dmp_motion_driver.o(i.dmp_set_tap_thresh)
    dmp_set_tap_time                         0x0800645d   Thumb Code    38  inv_mpu_dmp_motion_driver.o(i.dmp_set_tap_time)
    dmp_set_tap_time_multi                   0x08006483   Thumb Code    38  inv_mpu_dmp_motion_driver.o(i.dmp_set_tap_time_multi)
    fabs                                     0x080064a9   Thumb Code    24  fabs.o(i.fabs)
    fputc                                    0x080064c1   Thumb Code    22  print.o(i.fputc)
    inv_orientation_matrix_to_scalar         0x08006b39   Thumb Code    40  inv_mpu.o(i.inv_orientation_matrix_to_scalar)
    inv_row_2_scale                          0x08006b61   Thumb Code    78  inv_mpu.o(i.inv_row_2_scale)
    limit_angle                              0x08006bb1   Thumb Code    58  control.o(i.limit_angle)
    location_pid_realize                     0x08006bf1   Thumb Code   236  pid.o(i.location_pid_realize)
    main                                     0x08006ce1   Thumb Code   254  main.o(i.main)
    mget_ms                                  0x08006e41   Thumb Code     2  inv_mpu.o(i.mget_ms)
    mpu_configure_fifo                       0x08006e45   Thumb Code   106  inv_mpu.o(i.mpu_configure_fifo)
    mpu_dmp_get_data                         0x08006eb5   Thumb Code   520  inv_mpu.o(i.mpu_dmp_get_data)
    mpu_dmp_init                             0x080070cd   Thumb Code   144  inv_mpu.o(i.mpu_dmp_init)
    mpu_get_accel_fsr                        0x08007161   Thumb Code    72  inv_mpu.o(i.mpu_get_accel_fsr)
    mpu_get_accel_sens                       0x080071ad   Thumb Code    78  inv_mpu.o(i.mpu_get_accel_sens)
    mpu_get_fifo_config                      0x08007201   Thumb Code    12  inv_mpu.o(i.mpu_get_fifo_config)
    mpu_get_gyro_fsr                         0x08007211   Thumb Code    64  inv_mpu.o(i.mpu_get_gyro_fsr)
    mpu_get_gyro_sens                        0x08007255   Thumb Code    74  inv_mpu.o(i.mpu_get_gyro_sens)
    mpu_get_lpf                              0x080072b5   Thumb Code    74  inv_mpu.o(i.mpu_get_lpf)
    mpu_get_sample_rate                      0x08007305   Thumb Code    26  inv_mpu.o(i.mpu_get_sample_rate)
    mpu_init                                 0x08007325   Thumb Code   410  inv_mpu.o(i.mpu_init)
    mpu_load_firmware                        0x080074e9   Thumb Code   180  inv_mpu.o(i.mpu_load_firmware)
    mpu_lp_accel_mode                        0x080075a1   Thumb Code   218  inv_mpu.o(i.mpu_lp_accel_mode)
    mpu_read_fifo_stream                     0x08007681   Thumb Code   186  inv_mpu.o(i.mpu_read_fifo_stream)
    mpu_read_mem                             0x08007741   Thumb Code   122  inv_mpu.o(i.mpu_read_mem)
    mpu_reset_fifo                           0x080077c1   Thumb Code   450  inv_mpu.o(i.mpu_reset_fifo)
    mpu_run_self_test                        0x08007989   Thumb Code   278  inv_mpu.o(i.mpu_run_self_test)
    mpu_set_accel_fsr                        0x08007aa5   Thumb Code   126  inv_mpu.o(i.mpu_set_accel_fsr)
    mpu_set_bypass                           0x08007b29   Thumb Code   328  inv_mpu.o(i.mpu_set_bypass)
    mpu_set_dmp_state                        0x08007c75   Thumb Code   138  inv_mpu.o(i.mpu_set_dmp_state)
    mpu_set_gyro_fsr                         0x08007d05   Thumb Code   132  inv_mpu.o(i.mpu_set_gyro_fsr)
    mpu_set_int_latched                      0x08007d8d   Thumb Code   102  inv_mpu.o(i.mpu_set_int_latched)
    mpu_set_lpf                              0x08007df9   Thumb Code   126  inv_mpu.o(i.mpu_set_lpf)
    mpu_set_sample_rate                      0x08007e7d   Thumb Code   152  inv_mpu.o(i.mpu_set_sample_rate)
    mpu_set_sensors                          0x08007f19   Thumb Code   202  inv_mpu.o(i.mpu_set_sensors)
    mpu_write_mem                            0x08007fe9   Thumb Code   122  inv_mpu.o(i.mpu_write_mem)
    run_self_test                            0x08008069   Thumb Code   154  inv_mpu.o(i.run_self_test)
    set_p_i_d                                0x08008195   Thumb Code    14  pid.o(i.set_p_i_d)
    set_pid_target                           0x080081a3   Thumb Code     6  pid.o(i.set_pid_target)
    speed_pid_realize                        0x080081a9   Thumb Code   138  pid.o(i.speed_pid_realize)
    sqrt                                     0x08008239   Thumb Code   110  sqrt.o(i.sqrt)
    _get_lc_numeric                          0x080082a9   Thumb Code    44  lc_numeric_c.o(locale$$code)
    __aeabi_dneg                             0x080082d5   Thumb Code     0  basic.o(x$fpl$basic)
    _dneg                                    0x080082d5   Thumb Code     6  basic.o(x$fpl$basic)
    __aeabi_fneg                             0x080082db   Thumb Code     0  basic.o(x$fpl$basic)
    _fneg                                    0x080082db   Thumb Code     6  basic.o(x$fpl$basic)
    _dabs                                    0x080082e1   Thumb Code     6  basic.o(x$fpl$basic)
    _fabs                                    0x080082e7   Thumb Code     6  basic.o(x$fpl$basic)
    __aeabi_d2f                              0x080082ed   Thumb Code     0  d2f.o(x$fpl$d2f)
    _d2f                                     0x080082ed   Thumb Code    98  d2f.o(x$fpl$d2f)
    __aeabi_dadd                             0x08008351   Thumb Code     0  daddsub_clz.o(x$fpl$dadd)
    _dadd                                    0x08008351   Thumb Code   332  daddsub_clz.o(x$fpl$dadd)
    __aeabi_ddiv                             0x080084a1   Thumb Code     0  ddiv.o(x$fpl$ddiv)
    _ddiv                                    0x080084a1   Thumb Code   552  ddiv.o(x$fpl$ddiv)
    __aeabi_dmul                             0x08008751   Thumb Code     0  dmul.o(x$fpl$dmul)
    _dmul                                    0x08008751   Thumb Code   332  dmul.o(x$fpl$dmul)
    __fpl_dnaninf                            0x080088a5   Thumb Code   156  dnaninf.o(x$fpl$dnaninf)
    __fpl_dretinf                            0x08008941   Thumb Code    12  dretinf.o(x$fpl$dretinf)
    __aeabi_drsub                            0x0800894d   Thumb Code     0  daddsub_clz.o(x$fpl$drsb)
    _drsb                                    0x0800894d   Thumb Code    22  daddsub_clz.o(x$fpl$drsb)
    _dsqrt                                   0x08008965   Thumb Code   404  dsqrt_umaal.o(x$fpl$dsqrt)
    __aeabi_dsub                             0x08008afd   Thumb Code     0  daddsub_clz.o(x$fpl$dsub)
    _dsub                                    0x08008afd   Thumb Code   464  daddsub_clz.o(x$fpl$dsub)
    __aeabi_f2d                              0x08008cd1   Thumb Code     0  f2d.o(x$fpl$f2d)
    _f2d                                     0x08008cd1   Thumb Code    86  f2d.o(x$fpl$f2d)
    __fpl_fnaninf                            0x08008d27   Thumb Code   140  fnaninf.o(x$fpl$fnaninf)
    _fp_init                                 0x08008db3   Thumb Code    10  fpinit.o(x$fpl$fpinit)
    __fplib_config_fpu_vfp                   0x08008dbb   Thumb Code     0  fpinit.o(x$fpl$fpinit)
    __fplib_config_pureend_doubles           0x08008dbb   Thumb Code     0  fpinit.o(x$fpl$fpinit)
    __fpl_fretinf                            0x08008dbd   Thumb Code    10  fretinf.o(x$fpl$fretinf)
    _printf_fp_dec                           0x08008dc7   Thumb Code     4  printf1.o(x$fpl$printf1)
    AHBPrescTable                            0x08008dca   Data          16  system_stm32f4xx.o(.constdata)
    __I$use$fp                               0x08008dca   Number         0  usenofp.o(x$fpl$usenofp)
    APBPrescTable                            0x08008dda   Data           8  system_stm32f4xx.o(.constdata)
    reg                                      0x08008de4   Data          27  inv_mpu.o(.constdata)
    hw                                       0x08008e00   Data          12  inv_mpu.o(.constdata)
    test                                     0x08008e0c   Data          40  inv_mpu.o(.constdata)
    __mathlib_zero                           0x08009b28   Data           8  qnan.o(.constdata)
    __stdin_name                             0x08009bc4   Data           4  sys_io.o(.constdata)
    __stdout_name                            0x08009bc8   Data           4  sys_io.o(.constdata)
    __stderr_name                            0x08009bcc   Data           4  sys_io.o(.constdata)
    Region$$Table$$Base                      0x08009c20   Number         0  anon$$obj.o(Region$$Table)
    Region$$Table$$Limit                     0x08009c40   Number         0  anon$$obj.o(Region$$Table)
    uart1_rxbuff                             0x20000000   Data           1  main.o(.data)
    show_flag                                0x20000001   Data           1  main.o(.data)
    pitch                                    0x20000004   Data           4  main.o(.data)
    roll                                     0x20000008   Data           4  main.o(.data)
    yaw                                      0x2000000c   Data           4  main.o(.data)
    uwTick                                   0x20000010   Data           4  stm32f4xx_hal.o(.data)
    uwTickPrio                               0x20000014   Data           4  stm32f4xx_hal.o(.data)
    uwTickFreq                               0x20000018   Data           1  stm32f4xx_hal.o(.data)
    SystemCoreClock                          0x2000001c   Data           4  system_stm32f4xx.o(.data)
    target_position                          0x20000020   Data           4  control.o(.data)
    g_fSpeedControlOut_X                     0x20000024   Data           4  control.o(.data)
    g_fSpeedControlOutOld_X                  0x20000028   Data           4  control.o(.data)
    g_fSpeedControlOut_Y                     0x2000002c   Data           4  control.o(.data)
    g_fSpeedControlOutOld_Y                  0x20000030   Data           4  control.o(.data)
    g_nSpeedControlPeriod                    0x20000034   Data           4  control.o(.data)
    x_angle                                  0x20000038   Data           4  control.o(.data)
    y_angle                                  0x2000003c   Data           4  control.o(.data)
    X_out                                    0x2000005c   Data           2  servo.o(.data)
    Y_out                                    0x2000005e   Data           2  servo.o(.data)
    GetOpenmvDataCount                       0x20000060   Data           4  uart.o(.data)
    Cx                                       0x20000064   Data           1  uart.o(.data)
    Cy                                       0x20000065   Data           1  uart.o(.data)
    Finded_flag                              0x20000066   Data           1  uart.o(.data)
    Ch                                       0x20000067   Data           1  uart.o(.data)
    __aeabi_stdin                            0x200000a4   Data           4  stdio_streams.o(.data)
    __aeabi_stdout                           0x200000a8   Data           4  stdio_streams.o(.data)
    __aeabi_stderr                           0x200000ac   Data           4  stdio_streams.o(.data)
    hi2c1                                    0x200000b0   Data          84  i2c.o(.bss)
    htim1                                    0x20000104   Data          72  tim.o(.bss)
    htim2                                    0x2000014c   Data          72  tim.o(.bss)
    htim9                                    0x20000194   Data          72  tim.o(.bss)
    huart1                                   0x200001dc   Data          72  usart.o(.bss)
    pid_positionX                            0x20000224   Data          32  pid.o(.bss)
    pid_positionY                            0x20000244   Data          32  pid.o(.bss)
    pid_speedX                               0x20000264   Data          32  pid.o(.bss)
    pid_speedY                               0x20000284   Data          32  pid.o(.bss)
    __stdin                                  0x200002c8   Data          84  stdio_streams.o(.bss)
    __stdout                                 0x2000031c   Data          84  stdio_streams.o(.bss)
    __stderr                                 0x20000370   Data          84  stdio_streams.o(.bss)
    __libspace_start                         0x200003c4   Data          96  libspace.o(.bss)
    __temporary_stack_top$libspace           0x20000424   Data           0  libspace.o(.bss)



==============================================================================

Memory Map of the image

  Image Entry point : 0x08000199

  Load Region LR_IROM1 (Base: 0x08000000, Size: 0x00009d0c, Max: 0x00080000, ABSOLUTE)

    Execution Region ER_IROM1 (Exec base: 0x08000000, Load base: 0x08000000, Size: 0x00009c5c, Max: 0x00080000, ABSOLUTE)

    Exec Addr    Load Addr    Size         Type   Attr      Idx    E Section Name        Object

    0x08000000   0x08000000   0x00000198   Data   RO            3    RESET               startup_stm32f411xe.o
    0x08000198   0x08000198   0x00000008   Code   RO         4818  * !!!main             c_w.l(__main.o)
    0x080001a0   0x080001a0   0x00000034   Code   RO         5314    !!!scatter          c_w.l(__scatter.o)
    0x080001d4   0x080001d4   0x0000001a   Code   RO         5316    !!handler_copy      c_w.l(__scatter_copy.o)
    0x080001ee   0x080001ee   0x00000002   PAD
    0x080001f0   0x080001f0   0x0000001c   Code   RO         5318    !!handler_zi        c_w.l(__scatter_zi.o)
    0x0800020c   0x0800020c   0x00000000   Code   RO         4809    .ARM.Collect$$_printf_percent$$00000000  c_w.l(_printf_percent.o)
    0x0800020c   0x0800020c   0x00000006   Code   RO         4808    .ARM.Collect$$_printf_percent$$00000003  c_w.l(_printf_f.o)
    0x08000212   0x08000212   0x00000004   Code   RO         4883    .ARM.Collect$$_printf_percent$$00000017  c_w.l(_printf_percent_end.o)
    0x08000216   0x08000216   0x00000002   Code   RO         5127    .ARM.Collect$$libinit$$00000000  c_w.l(libinit.o)
    0x08000218   0x08000218   0x00000004   Code   RO         5128    .ARM.Collect$$libinit$$00000001  c_w.l(libinit2.o)
    0x0800021c   0x0800021c   0x00000000   Code   RO         5131    .ARM.Collect$$libinit$$00000004  c_w.l(libinit2.o)
    0x0800021c   0x0800021c   0x00000008   Code   RO         5132    .ARM.Collect$$libinit$$00000005  c_w.l(libinit2.o)
    0x08000224   0x08000224   0x00000000   Code   RO         5134    .ARM.Collect$$libinit$$0000000A  c_w.l(libinit2.o)
    0x08000224   0x08000224   0x00000000   Code   RO         5136    .ARM.Collect$$libinit$$0000000C  c_w.l(libinit2.o)
    0x08000224   0x08000224   0x00000000   Code   RO         5138    .ARM.Collect$$libinit$$0000000E  c_w.l(libinit2.o)
    0x08000224   0x08000224   0x00000006   Code   RO         5139    .ARM.Collect$$libinit$$0000000F  c_w.l(libinit2.o)
    0x0800022a   0x0800022a   0x00000000   Code   RO         5141    .ARM.Collect$$libinit$$00000011  c_w.l(libinit2.o)
    0x0800022a   0x0800022a   0x00000000   Code   RO         5143    .ARM.Collect$$libinit$$00000013  c_w.l(libinit2.o)
    0x0800022a   0x0800022a   0x00000000   Code   RO         5145    .ARM.Collect$$libinit$$00000015  c_w.l(libinit2.o)
    0x0800022a   0x0800022a   0x0000000a   Code   RO         5146    .ARM.Collect$$libinit$$00000016  c_w.l(libinit2.o)
    0x08000234   0x08000234   0x00000000   Code   RO         5147    .ARM.Collect$$libinit$$00000017  c_w.l(libinit2.o)
    0x08000234   0x08000234   0x00000000   Code   RO         5149    .ARM.Collect$$libinit$$00000019  c_w.l(libinit2.o)
    0x08000234   0x08000234   0x00000000   Code   RO         5151    .ARM.Collect$$libinit$$0000001B  c_w.l(libinit2.o)
    0x08000234   0x08000234   0x00000000   Code   RO         5153    .ARM.Collect$$libinit$$0000001D  c_w.l(libinit2.o)
    0x08000234   0x08000234   0x00000000   Code   RO         5155    .ARM.Collect$$libinit$$0000001F  c_w.l(libinit2.o)
    0x08000234   0x08000234   0x00000000   Code   RO         5157    .ARM.Collect$$libinit$$00000021  c_w.l(libinit2.o)
    0x08000234   0x08000234   0x00000000   Code   RO         5159    .ARM.Collect$$libinit$$00000023  c_w.l(libinit2.o)
    0x08000234   0x08000234   0x00000004   Code   RO         5160    .ARM.Collect$$libinit$$00000024  c_w.l(libinit2.o)
    0x08000238   0x08000238   0x00000000   Code   RO         5161    .ARM.Collect$$libinit$$00000025  c_w.l(libinit2.o)
    0x08000238   0x08000238   0x00000000   Code   RO         5165    .ARM.Collect$$libinit$$0000002C  c_w.l(libinit2.o)
    0x08000238   0x08000238   0x00000000   Code   RO         5167    .ARM.Collect$$libinit$$0000002E  c_w.l(libinit2.o)
    0x08000238   0x08000238   0x00000000   Code   RO         5169    .ARM.Collect$$libinit$$00000030  c_w.l(libinit2.o)
    0x08000238   0x08000238   0x00000000   Code   RO         5171    .ARM.Collect$$libinit$$00000032  c_w.l(libinit2.o)
    0x08000238   0x08000238   0x00000002   Code   RO         5172    .ARM.Collect$$libinit$$00000033  c_w.l(libinit2.o)
    0x0800023a   0x0800023a   0x00000002   Code   RO         5295    .ARM.Collect$$libshutdown$$00000000  c_w.l(libshutdown.o)
    0x0800023c   0x0800023c   0x00000000   Code   RO         5174    .ARM.Collect$$libshutdown$$00000002  c_w.l(libshutdown2.o)
    0x0800023c   0x0800023c   0x00000004   Code   RO         5175    .ARM.Collect$$libshutdown$$00000003  c_w.l(libshutdown2.o)
    0x08000240   0x08000240   0x00000000   Code   RO         5176    .ARM.Collect$$libshutdown$$00000004  c_w.l(libshutdown2.o)
    0x08000240   0x08000240   0x00000000   Code   RO         5179    .ARM.Collect$$libshutdown$$00000007  c_w.l(libshutdown2.o)
    0x08000240   0x08000240   0x00000000   Code   RO         5182    .ARM.Collect$$libshutdown$$0000000A  c_w.l(libshutdown2.o)
    0x08000240   0x08000240   0x00000000   Code   RO         5184    .ARM.Collect$$libshutdown$$0000000C  c_w.l(libshutdown2.o)
    0x08000240   0x08000240   0x00000000   Code   RO         5187    .ARM.Collect$$libshutdown$$0000000F  c_w.l(libshutdown2.o)
    0x08000240   0x08000240   0x00000002   Code   RO         5188    .ARM.Collect$$libshutdown$$00000010  c_w.l(libshutdown2.o)
    0x08000242   0x08000242   0x00000000   Code   RO         4870    .ARM.Collect$$rtentry$$00000000  c_w.l(__rtentry.o)
    0x08000242   0x08000242   0x00000000   Code   RO         4955    .ARM.Collect$$rtentry$$00000002  c_w.l(__rtentry2.o)
    0x08000242   0x08000242   0x00000006   Code   RO         4967    .ARM.Collect$$rtentry$$00000004  c_w.l(__rtentry4.o)
    0x08000248   0x08000248   0x00000000   Code   RO         4957    .ARM.Collect$$rtentry$$00000009  c_w.l(__rtentry2.o)
    0x08000248   0x08000248   0x00000004   Code   RO         4958    .ARM.Collect$$rtentry$$0000000A  c_w.l(__rtentry2.o)
    0x0800024c   0x0800024c   0x00000000   Code   RO         4960    .ARM.Collect$$rtentry$$0000000C  c_w.l(__rtentry2.o)
    0x0800024c   0x0800024c   0x00000008   Code   RO         4961    .ARM.Collect$$rtentry$$0000000D  c_w.l(__rtentry2.o)
    0x08000254   0x08000254   0x00000002   Code   RO         5194    .ARM.Collect$$rtexit$$00000000  c_w.l(rtexit.o)
    0x08000256   0x08000256   0x00000000   Code   RO         5246    .ARM.Collect$$rtexit$$00000002  c_w.l(rtexit2.o)
    0x08000256   0x08000256   0x00000004   Code   RO         5247    .ARM.Collect$$rtexit$$00000003  c_w.l(rtexit2.o)
    0x0800025a   0x0800025a   0x00000006   Code   RO         5248    .ARM.Collect$$rtexit$$00000004  c_w.l(rtexit2.o)
    0x08000260   0x08000260   0x00000000   Code   RO         5252    .emb_text           c_w.l(maybetermalloc1.o)
    0x08000260   0x08000260   0x00000040   Code   RO            4    .text               startup_stm32f411xe.o
    0x080002a0   0x080002a0   0x000000ee   Code   RO         4754    .text               c_w.l(lludivv7m.o)
    0x0800038e   0x0800038e   0x00000048   Code   RO         4756    .text               c_w.l(llsdiv.o)
    0x080003d6   0x080003d6   0x00000002   PAD
    0x080003d8   0x080003d8   0x00000018   Code   RO         4760    .text               c_w.l(noretval__2printf.o)
    0x080003f0   0x080003f0   0x00000188   Code   RO         4804    .text               c_w.l(__printf_flags_ss_wp.o)
    0x08000578   0x08000578   0x00000058   Code   RO         4810    .text               c_w.l(memcmp.o)
    0x080005d0   0x080005d0   0x00000010   Code   RO         4812    .text               c_w.l(aeabi_memset.o)
    0x080005e0   0x080005e0   0x0000004e   Code   RO         4814    .text               c_w.l(rt_memclr_w.o)
    0x0800062e   0x0800062e   0x00000006   Code   RO         4816    .text               c_w.l(heapauxi.o)
    0x08000634   0x08000634   0x00000016   Code   RO         4875    .text               c_w.l(_rserrno.o)
    0x0800064a   0x0800064a   0x0000041e   Code   RO         4879    .text               c_w.l(_printf_fp_dec.o)
    0x08000a68   0x08000a68   0x00000024   Code   RO         4881    .text               c_w.l(_printf_char_file.o)
    0x08000a8c   0x08000a8c   0x00000044   Code   RO         4890    .text               c_w.l(rt_memclr.o)
    0x08000ad0   0x08000ad0   0x00000008   Code   RO         4974    .text               c_w.l(rt_locale_intlibspace.o)
    0x08000ad8   0x08000ad8   0x00000008   Code   RO         4979    .text               c_w.l(rt_errno_addr_intlibspace.o)
    0x08000ae0   0x08000ae0   0x0000008a   Code   RO         4981    .text               c_w.l(lludiv10.o)
    0x08000b6a   0x08000b6a   0x00000002   PAD
    0x08000b6c   0x08000b6c   0x00000030   Code   RO         4983    .text               c_w.l(_printf_char_common.o)
    0x08000b9c   0x08000b9c   0x00000080   Code   RO         4985    .text               c_w.l(_printf_fp_infnan.o)
    0x08000c1c   0x08000c1c   0x000000e4   Code   RO         4987    .text               c_w.l(bigflt0.o)
    0x08000d00   0x08000d00   0x00000008   Code   RO         5012    .text               c_w.l(ferror.o)
    0x08000d08   0x08000d08   0x00000138   Code   RO         5014    .text               c_w.l(initio.o)
    0x08000e40   0x08000e40   0x00000066   Code   RO         5029    .text               c_w.l(sys_io.o)
    0x08000ea6   0x08000ea6   0x00000002   PAD
    0x08000ea8   0x08000ea8   0x00000008   Code   RO         5034    .text               c_w.l(libspace.o)
    0x08000eb0   0x08000eb0   0x0000004a   Code   RO         5039    .text               c_w.l(sys_stackheap_outer.o)
    0x08000efa   0x08000efa   0x0000004e   Code   RO         5043    .text               c_w.l(h1_free.o)
    0x08000f48   0x08000f48   0x00000046   Code   RO         5099    .text               c_w.l(setvbuf.o)
    0x08000f8e   0x08000f8e   0x00000002   PAD
    0x08000f90   0x08000f90   0x000000ec   Code   RO         5102    .text               c_w.l(fopen.o)
    0x0800107c   0x0800107c   0x0000004c   Code   RO         5104    .text               c_w.l(fclose.o)
    0x080010c8   0x080010c8   0x00000012   Code   RO         5110    .text               c_w.l(exit.o)
    0x080010da   0x080010da   0x0000000e   Code   RO         5116    .text               c_w.l(defsig_rtred_outer.o)
    0x080010e8   0x080010e8   0x00000080   Code   RO         5120    .text               c_w.l(strcmpv7m.o)
    0x08001168   0x08001168   0x00000002   Code   RO         5191    .text               c_w.l(use_no_semi.o)
    0x0800116a   0x0800116a   0x00000000   Code   RO         5193    .text               c_w.l(indicate_semi.o)
    0x0800116a   0x0800116a   0x00000002   PAD
    0x0800116c   0x0800116c   0x00000008   Code   RO         5201    .text               c_w.l(rt_heap_descriptor_intlibspace.o)
    0x08001174   0x08001174   0x00000004   Code   RO         5203    .text               c_w.l(hguard.o)
    0x08001178   0x08001178   0x0000008a   Code   RO         5205    .text               c_w.l(init_alloc.o)
    0x08001202   0x08001202   0x0000005e   Code   RO         5211    .text               c_w.l(h1_alloc.o)
    0x08001260   0x08001260   0x000000f8   Code   RO         5225    .text               c_w.l(fseek.o)
    0x08001358   0x08001358   0x000000f0   Code   RO         5227    .text               c_w.l(stdio.o)
    0x08001448   0x08001448   0x0000000a   Code   RO         5229    .text               c_w.l(defsig_exit.o)
    0x08001452   0x08001452   0x00000002   PAD
    0x08001454   0x08001454   0x00000034   Code   RO         5233    .text               c_w.l(defsig_rtred_inner.o)
    0x08001488   0x08001488   0x0000003e   Code   RO         5235    .text               c_w.l(strlen.o)
    0x080014c6   0x080014c6   0x00000002   PAD
    0x080014c8   0x080014c8   0x0000000c   Code   RO         5243    .text               c_w.l(sys_exit.o)
    0x080014d4   0x080014d4   0x0000000e   Code   RO         5254    .text               c_w.l(h1_init.o)
    0x080014e2   0x080014e2   0x00000034   Code   RO         5256    .text               c_w.l(h1_extend.o)
    0x08001516   0x08001516   0x00000042   Code   RO         5262    .text               c_w.l(ftell.o)
    0x08001558   0x08001558   0x00000032   Code   RO         5266    .text               c_w.l(defsig_general.o)
    0x0800158a   0x0800158a   0x0000000e   Code   RO         5268    .text               c_w.l(defsig_rtmem_outer.o)
    0x08001598   0x08001598   0x0000000e   Code   RO         5281    .text               c_w.l(sys_wrch.o)
    0x080015a6   0x080015a6   0x00000002   PAD
    0x080015a8   0x080015a8   0x00000050   Code   RO         5289    .text               c_w.l(defsig_rtmem_inner.o)
    0x080015f8   0x080015f8   0x0000003e   Code   RO         4990    CL$$btod_d2e        c_w.l(btod.o)
    0x08001636   0x08001636   0x00000046   Code   RO         4992    CL$$btod_d2e_denorm_low  c_w.l(btod.o)
    0x0800167c   0x0800167c   0x00000060   Code   RO         4991    CL$$btod_d2e_norm_op1  c_w.l(btod.o)
    0x080016dc   0x080016dc   0x00000338   Code   RO         5000    CL$$btod_div_common  c_w.l(btod.o)
    0x08001a14   0x08001a14   0x000000dc   Code   RO         4997    CL$$btod_e2e        c_w.l(btod.o)
    0x08001af0   0x08001af0   0x0000002a   Code   RO         4994    CL$$btod_ediv       c_w.l(btod.o)
    0x08001b1a   0x08001b1a   0x0000002a   Code   RO         4993    CL$$btod_emul       c_w.l(btod.o)
    0x08001b44   0x08001b44   0x00000244   Code   RO         4999    CL$$btod_mult_common  c_w.l(btod.o)
    0x08001d88   0x08001d88   0x0000009c   Code   RO         3682    i.AngleControlOutput  control.o
    0x08001e24   0x08001e24   0x00000004   Code   RO          375    i.BusFault_Handler  stm32f4xx_it.o
    0x08001e28   0x08001e28   0x00000002   Code   RO          376    i.DebugMon_Handler  stm32f4xx_it.o
    0x08001e2a   0x08001e2a   0x00000006   Code   RO           13    i.Error_Handler     main.o
    0x08001e30   0x08001e30   0x000000ac   Code   RO         1571    i.HAL_DMA_Abort     stm32f4xx_hal_dma.o
    0x08001edc   0x08001edc   0x00000028   Code   RO         1572    i.HAL_DMA_Abort_IT  stm32f4xx_hal_dma.o
    0x08001f04   0x08001f04   0x00000028   Code   RO         2037    i.HAL_Delay         stm32f4xx_hal.o
    0x08001f2c   0x08001f2c   0x000001c8   Code   RO         1464    i.HAL_GPIO_Init     stm32f4xx_hal_gpio.o
    0x080020f4   0x080020f4   0x00000010   Code   RO         1466    i.HAL_GPIO_ReadPin  stm32f4xx_hal_gpio.o
    0x08002104   0x08002104   0x00000014   Code   RO         1467    i.HAL_GPIO_TogglePin  stm32f4xx_hal_gpio.o
    0x08002118   0x08002118   0x0000000c   Code   RO         1468    i.HAL_GPIO_WritePin  stm32f4xx_hal_gpio.o
    0x08002124   0x08002124   0x0000000c   Code   RO         2043    i.HAL_GetTick       stm32f4xx_hal.o
    0x08002130   0x08002130   0x000001d0   Code   RO          504    i.HAL_I2C_Init      stm32f4xx_hal_i2c.o
    0x08002300   0x08002300   0x00000088   Code   RO          232    i.HAL_I2C_MspInit   i2c.o
    0x08002388   0x08002388   0x00000018   Code   RO         2049    i.HAL_IncTick       stm32f4xx_hal.o
    0x080023a0   0x080023a0   0x0000003c   Code   RO         2050    i.HAL_Init          stm32f4xx_hal.o
    0x080023dc   0x080023dc   0x0000004c   Code   RO         2051    i.HAL_InitTick      stm32f4xx_hal.o
    0x08002428   0x08002428   0x00000048   Code   RO          469    i.HAL_MspInit       stm32f4xx_hal_msp.o
    0x08002470   0x08002470   0x00000028   Code   RO         1880    i.HAL_NVIC_EnableIRQ  stm32f4xx_hal_cortex.o
    0x08002498   0x08002498   0x0000007c   Code   RO         1886    i.HAL_NVIC_SetPriority  stm32f4xx_hal_cortex.o
    0x08002514   0x08002514   0x00000028   Code   RO         1887    i.HAL_NVIC_SetPriorityGrouping  stm32f4xx_hal_cortex.o
    0x0800253c   0x0800253c   0x00000184   Code   RO         1001    i.HAL_RCC_ClockConfig  stm32f4xx_hal_rcc.o
    0x080026c0   0x080026c0   0x0000000c   Code   RO         1006    i.HAL_RCC_GetHCLKFreq  stm32f4xx_hal_rcc.o
    0x080026cc   0x080026cc   0x00000020   Code   RO         1008    i.HAL_RCC_GetPCLK1Freq  stm32f4xx_hal_rcc.o
    0x080026ec   0x080026ec   0x00000020   Code   RO         1009    i.HAL_RCC_GetPCLK2Freq  stm32f4xx_hal_rcc.o
    0x0800270c   0x0800270c   0x000000b0   Code   RO         1010    i.HAL_RCC_GetSysClockFreq  stm32f4xx_hal_rcc.o
    0x080027bc   0x080027bc   0x0000049c   Code   RO         1013    i.HAL_RCC_OscConfig  stm32f4xx_hal_rcc.o
    0x08002c58   0x08002c58   0x00000034   Code   RO         1891    i.HAL_SYSTICK_Config  stm32f4xx_hal_cortex.o
    0x08002c8c   0x08002c8c   0x00000002   Code   RO         3005    i.HAL_TIMEx_BreakCallback  stm32f4xx_hal_tim_ex.o
    0x08002c8e   0x08002c8e   0x00000002   Code   RO         3006    i.HAL_TIMEx_CommutCallback  stm32f4xx_hal_tim_ex.o
    0x08002c90   0x08002c90   0x0000009c   Code   RO         3024    i.HAL_TIMEx_MasterConfigSynchronization  stm32f4xx_hal_tim_ex.o
    0x08002d2c   0x08002d2c   0x00000066   Code   RO         2290    i.HAL_TIM_Base_Init  stm32f4xx_hal_tim.o
    0x08002d92   0x08002d92   0x00000002   PAD
    0x08002d94   0x08002d94   0x000000b4   Code   RO          274    i.HAL_TIM_Base_MspInit  tim.o
    0x08002e48   0x08002e48   0x00000084   Code   RO         2293    i.HAL_TIM_Base_Start  stm32f4xx_hal_tim.o
    0x08002ecc   0x08002ecc   0x00000090   Code   RO         2295    i.HAL_TIM_Base_Start_IT  stm32f4xx_hal_tim.o
    0x08002f5c   0x08002f5c   0x0000010c   Code   RO         2299    i.HAL_TIM_ConfigClockSource  stm32f4xx_hal_tim.o
    0x08003068   0x08003068   0x00000002   Code   RO         2324    i.HAL_TIM_IC_CaptureCallback  stm32f4xx_hal_tim.o
    0x0800306a   0x0800306a   0x0000016c   Code   RO         2338    i.HAL_TIM_IRQHandler  stm32f4xx_hal_tim.o
    0x080031d6   0x080031d6   0x00000002   PAD
    0x080031d8   0x080031d8   0x0000005c   Code   RO          275    i.HAL_TIM_MspPostInit  tim.o
    0x08003234   0x08003234   0x00000002   Code   RO         2341    i.HAL_TIM_OC_DelayElapsedCallback  stm32f4xx_hal_tim.o
    0x08003236   0x08003236   0x00000104   Code   RO         2362    i.HAL_TIM_PWM_ConfigChannel  stm32f4xx_hal_tim.o
    0x0800333a   0x0800333a   0x00000066   Code   RO         2365    i.HAL_TIM_PWM_Init  stm32f4xx_hal_tim.o
    0x080033a0   0x080033a0   0x00000002   Code   RO         2367    i.HAL_TIM_PWM_MspInit  stm32f4xx_hal_tim.o
    0x080033a2   0x080033a2   0x00000002   Code   RO         2368    i.HAL_TIM_PWM_PulseFinishedCallback  stm32f4xx_hal_tim.o
    0x080033a4   0x080033a4   0x000000ec   Code   RO         2370    i.HAL_TIM_PWM_Start  stm32f4xx_hal_tim.o
    0x08003490   0x08003490   0x00000044   Code   RO         3739    i.HAL_TIM_PeriodElapsedCallback  control_logic.o
    0x080034d4   0x080034d4   0x00000002   Code   RO         2381    i.HAL_TIM_TriggerCallback  stm32f4xx_hal_tim.o
    0x080034d6   0x080034d6   0x00000002   Code   RO         3284    i.HAL_UARTEx_RxEventCallback  stm32f4xx_hal_uart.o
    0x080034d8   0x080034d8   0x00000002   Code   RO         3298    i.HAL_UART_ErrorCallback  stm32f4xx_hal_uart.o
    0x080034da   0x080034da   0x00000002   PAD
    0x080034dc   0x080034dc   0x00000308   Code   RO         3301    i.HAL_UART_IRQHandler  stm32f4xx_hal_uart.o
    0x080037e4   0x080037e4   0x00000076   Code   RO         3302    i.HAL_UART_Init     stm32f4xx_hal_uart.o
    0x0800385a   0x0800385a   0x00000002   PAD
    0x0800385c   0x0800385c   0x00000098   Code   RO          334    i.HAL_UART_MspInit  usart.o
    0x080038f4   0x080038f4   0x0000002c   Code   RO         3307    i.HAL_UART_Receive_IT  stm32f4xx_hal_uart.o
    0x08003920   0x08003920   0x00000030   Code   RO         3927    i.HAL_UART_RxCpltCallback  uart.o
    0x08003950   0x08003950   0x000000be   Code   RO         3310    i.HAL_UART_Transmit  stm32f4xx_hal_uart.o
    0x08003a0e   0x08003a0e   0x00000002   Code   RO         3313    i.HAL_UART_TxCpltCallback  stm32f4xx_hal_uart.o
    0x08003a10   0x08003a10   0x00000004   Code   RO          377    i.HardFault_Handler  stm32f4xx_it.o
    0x08003a14   0x08003a14   0x0000000e   Code   RO         4121    i.I2C_Delay         mpuiic.o
    0x08003a22   0x08003a22   0x00000002   PAD
    0x08003a24   0x08003a24   0x00000030   Code   RO         4122    i.I2C_End           mpuiic.o
    0x08003a54   0x08003a54   0x00000058   Code   RO         4123    i.I2C_ReadByte      mpuiic.o
    0x08003aac   0x08003aac   0x00000058   Code   RO         4124    i.I2C_SendByte      mpuiic.o
    0x08003b04   0x08003b04   0x00000038   Code   RO         4125    i.I2C_Start         mpuiic.o
    0x08003b3c   0x08003b3c   0x0000003c   Code   RO         4126    i.IIC_Get_ACK       mpuiic.o
    0x08003b78   0x08003b78   0x00000040   Code   RO         4127    i.IIC_Send_ACK      mpuiic.o
    0x08003bb8   0x08003bb8   0x00000014   Code   RO         3893    i.LED_Toggle        servo.o
    0x08003bcc   0x08003bcc   0x0000006e   Code   RO         3683    i.Limit_speed       control.o
    0x08003c3a   0x08003c3a   0x0000006a   Code   RO         4048    i.MPU_Init          mpu6050.o
    0x08003ca4   0x08003ca4   0x0000002e   Code   RO         4128    i.MPU_Read_Byte     mpuiic.o
    0x08003cd2   0x08003cd2   0x0000005e   Code   RO         4129    i.MPU_Read_Len      mpuiic.o
    0x08003d30   0x08003d30   0x00000010   Code   RO         4049    i.MPU_Set_Accel_Fsr  mpu6050.o
    0x08003d40   0x08003d40   0x00000010   Code   RO         4050    i.MPU_Set_Gyro_Fsr  mpu6050.o
    0x08003d50   0x08003d50   0x0000003a   Code   RO         4051    i.MPU_Set_LPF       mpu6050.o
    0x08003d8a   0x08003d8a   0x0000003a   Code   RO         4052    i.MPU_Set_Rate      mpu6050.o
    0x08003dc4   0x08003dc4   0x00000024   Code   RO         4130    i.MPU_Write_Byte    mpuiic.o
    0x08003de8   0x08003de8   0x00000040   Code   RO         4131    i.MPU_Write_Len     mpuiic.o
    0x08003e28   0x08003e28   0x000000f8   Code   RO          207    i.MX_GPIO_Init      gpio.o
    0x08003f20   0x08003f20   0x0000003c   Code   RO          233    i.MX_I2C1_Init      i2c.o
    0x08003f5c   0x08003f5c   0x00000070   Code   RO          276    i.MX_TIM1_Init      tim.o
    0x08003fcc   0x08003fcc   0x000000b0   Code   RO          277    i.MX_TIM2_Init      tim.o
    0x0800407c   0x0800407c   0x00000050   Code   RO          278    i.MX_TIM9_Init      tim.o
    0x080040cc   0x080040cc   0x00000038   Code   RO          335    i.MX_USART1_UART_Init  usart.o
    0x08004104   0x08004104   0x00000004   Code   RO          378    i.MemManage_Handler  stm32f4xx_it.o
    0x08004108   0x08004108   0x00000004   Code   RO          379    i.NMI_Handler       stm32f4xx_it.o
    0x0800410c   0x0800410c   0x00000164   Code   RO         3928    i.Openmv_Receive_Data  uart.o
    0x08004270   0x08004270   0x00000002   Code   RO          380    i.PendSV_Handler    stm32f4xx_it.o
    0x08004272   0x08004272   0x00000002   Code   RO          381    i.SVC_Handler       stm32f4xx_it.o
    0x08004274   0x08004274   0x00000098   Code   RO         3894    i.Set_servo_angle   servo.o
    0x0800430c   0x0800430c   0x00000008   Code   RO          382    i.SysTick_Handler   stm32f4xx_it.o
    0x08004314   0x08004314   0x000000b0   Code   RO           14    i.SystemClock_Config  main.o
    0x080043c4   0x080043c4   0x00000014   Code   RO         3646    i.SystemInit        system_stm32f4xx.o
    0x080043d8   0x080043d8   0x00000010   Code   RO          383    i.TIM1_UP_TIM10_IRQHandler  stm32f4xx_it.o
    0x080043e8   0x080043e8   0x00000010   Code   RO          384    i.TIM2_IRQHandler   stm32f4xx_it.o
    0x080043f8   0x080043f8   0x000000ac   Code   RO         2383    i.TIM_Base_SetConfig  stm32f4xx_hal_tim.o
    0x080044a4   0x080044a4   0x00000022   Code   RO         2384    i.TIM_CCxChannelCmd  stm32f4xx_hal_tim.o
    0x080044c6   0x080044c6   0x00000016   Code   RO         2394    i.TIM_ETR_SetConfig  stm32f4xx_hal_tim.o
    0x080044dc   0x080044dc   0x00000012   Code   RO         2395    i.TIM_ITRx_SetConfig  stm32f4xx_hal_tim.o
    0x080044ee   0x080044ee   0x00000002   PAD
    0x080044f0   0x080044f0   0x00000060   Code   RO         2396    i.TIM_OC1_SetConfig  stm32f4xx_hal_tim.o
    0x08004550   0x08004550   0x00000068   Code   RO         2397    i.TIM_OC2_SetConfig  stm32f4xx_hal_tim.o
    0x080045b8   0x080045b8   0x00000068   Code   RO         2398    i.TIM_OC3_SetConfig  stm32f4xx_hal_tim.o
    0x08004620   0x08004620   0x00000048   Code   RO         2399    i.TIM_OC4_SetConfig  stm32f4xx_hal_tim.o
    0x08004668   0x08004668   0x00000026   Code   RO         2401    i.TIM_TI1_ConfigInputStage  stm32f4xx_hal_tim.o
    0x0800468e   0x0800468e   0x00000028   Code   RO         2403    i.TIM_TI2_ConfigInputStage  stm32f4xx_hal_tim.o
    0x080046b6   0x080046b6   0x00000012   Code   RO         3315    i.UART_DMAAbortOnError  stm32f4xx_hal_uart.o
    0x080046c8   0x080046c8   0x0000006c   Code   RO         3325    i.UART_EndRxTransfer  stm32f4xx_hal_uart.o
    0x08004734   0x08004734   0x00000020   Code   RO         3326    i.UART_EndTransmit_IT  stm32f4xx_hal_uart.o
    0x08004754   0x08004754   0x000000fc   Code   RO         3328    i.UART_Receive_IT   stm32f4xx_hal_uart.o
    0x08004850   0x08004850   0x0000022c   Code   RO         3329    i.UART_SetConfig    stm32f4xx_hal_uart.o
    0x08004a7c   0x08004a7c   0x00000040   Code   RO         3331    i.UART_Start_Receive_IT  stm32f4xx_hal_uart.o
    0x08004abc   0x08004abc   0x00000060   Code   RO         3332    i.UART_Transmit_IT  stm32f4xx_hal_uart.o
    0x08004b1c   0x08004b1c   0x0000008c   Code   RO         3333    i.UART_WaitOnFlagUntilTimeout  stm32f4xx_hal_uart.o
    0x08004ba8   0x08004ba8   0x00000010   Code   RO          385    i.USART1_IRQHandler  stm32f4xx_it.o
    0x08004bb8   0x08004bb8   0x00000004   Code   RO          386    i.UsageFault_Handler  stm32f4xx_it.o
    0x08004bbc   0x08004bbc   0x00000030   Code   RO         4937    i.__ARM_fpclassify  m_wm.l(fpclassify.o)
    0x08004bec   0x08004bec   0x00000010   Code   RO         1893    i.__NVIC_GetPriorityGrouping  stm32f4xx_hal_cortex.o
    0x08004bfc   0x08004bfc   0x00000028   Code   RO         1894    i.__NVIC_SetPriority  stm32f4xx_hal_cortex.o
    0x08004c24   0x08004c24   0x00000004   PAD
    0x08004c28   0x08004c28   0x00000360   Code   RO         4844    i.__hardfp_asin     m_wm.l(asin.o)
    0x08004f88   0x08004f88   0x000002d8   Code   RO         4903    i.__hardfp_atan     m_wm.l(atan.o)
    0x08005260   0x08005260   0x000001f0   Code   RO         4858    i.__hardfp_atan2    m_wm.l(atan2.o)
    0x08005450   0x08005450   0x000000f8   Code   RO         4939    i.__kernel_poly     m_wm.l(poly.o)
    0x08005548   0x08005548   0x00000014   Code   RO         4918    i.__mathlib_dbl_infnan  m_wm.l(dunder.o)
    0x0800555c   0x0800555c   0x00000014   Code   RO         4919    i.__mathlib_dbl_infnan2  m_wm.l(dunder.o)
    0x08005570   0x08005570   0x00000020   Code   RO         4920    i.__mathlib_dbl_invalid  m_wm.l(dunder.o)
    0x08005590   0x08005590   0x00000020   Code   RO         4923    i.__mathlib_dbl_underflow  m_wm.l(dunder.o)
    0x080055b0   0x080055b0   0x0000000e   Code   RO         4797    i._is_digit         c_w.l(__printf_wp.o)
    0x080055be   0x080055be   0x00000002   PAD
    0x080055c0   0x080055c0   0x000000c0   Code   RO         4205    i.accel_self_test   inv_mpu.o
    0x08005680   0x08005680   0x00000010   Code   RO         4905    i.atan              m_wm.l(atan.o)
    0x08005690   0x08005690   0x000001e0   Code   RO         3684    i.control           control.o
    0x08005870   0x08005870   0x00000064   Code   RO         4561    i.decode_gesture    inv_mpu_dmp_motion_driver.o
    0x080058d4   0x080058d4   0x0000003c   Code   RO         4562    i.dmp_enable_6x_lp_quat  inv_mpu_dmp_motion_driver.o
    0x08005910   0x08005910   0x0000021c   Code   RO         4563    i.dmp_enable_feature  inv_mpu_dmp_motion_driver.o
    0x08005b2c   0x08005b2c   0x00000058   Code   RO         4564    i.dmp_enable_gyro_cal  inv_mpu_dmp_motion_driver.o
    0x08005b84   0x08005b84   0x0000003c   Code   RO         4565    i.dmp_enable_lp_quat  inv_mpu_dmp_motion_driver.o
    0x08005bc0   0x08005bc0   0x00000018   Code   RO         4570    i.dmp_load_motion_driver_firmware  inv_mpu_dmp_motion_driver.o
    0x08005bd8   0x08005bd8   0x000001cc   Code   RO         4571    i.dmp_read_fifo     inv_mpu_dmp_motion_driver.o
    0x08005da4   0x08005da4   0x00000130   Code   RO         4574    i.dmp_set_accel_bias  inv_mpu_dmp_motion_driver.o
    0x08005ed4   0x08005ed4   0x00000070   Code   RO         4575    i.dmp_set_fifo_rate  inv_mpu_dmp_motion_driver.o
    0x08005f44   0x08005f44   0x00000130   Code   RO         4576    i.dmp_set_gyro_bias  inv_mpu_dmp_motion_driver.o
    0x08006074   0x08006074   0x00000138   Code   RO         4578    i.dmp_set_orientation  inv_mpu_dmp_motion_driver.o
    0x080061ac   0x080061ac   0x00000038   Code   RO         4581    i.dmp_set_shake_reject_thresh  inv_mpu_dmp_motion_driver.o
    0x080061e4   0x080061e4   0x00000026   Code   RO         4582    i.dmp_set_shake_reject_time  inv_mpu_dmp_motion_driver.o
    0x0800620a   0x0800620a   0x00000026   Code   RO         4583    i.dmp_set_shake_reject_timeout  inv_mpu_dmp_motion_driver.o
    0x08006230   0x08006230   0x00000046   Code   RO         4584    i.dmp_set_tap_axes  inv_mpu_dmp_motion_driver.o
    0x08006276   0x08006276   0x00000026   Code   RO         4585    i.dmp_set_tap_count  inv_mpu_dmp_motion_driver.o
    0x0800629c   0x0800629c   0x000001c0   Code   RO         4586    i.dmp_set_tap_thresh  inv_mpu_dmp_motion_driver.o
    0x0800645c   0x0800645c   0x00000026   Code   RO         4587    i.dmp_set_tap_time  inv_mpu_dmp_motion_driver.o
    0x08006482   0x08006482   0x00000026   Code   RO         4588    i.dmp_set_tap_time_multi  inv_mpu_dmp_motion_driver.o
    0x080064a8   0x080064a8   0x00000018   Code   RO         4933    i.fabs              m_wm.l(fabs.o)
    0x080064c0   0x080064c0   0x0000001c   Code   RO         3966    i.fputc             print.o
    0x080064dc   0x080064dc   0x000000d0   Code   RO         4206    i.get_accel_prod_shift  inv_mpu.o
    0x080065ac   0x080065ac   0x00000470   Code   RO         4207    i.get_st_biases     inv_mpu.o
    0x08006a1c   0x08006a1c   0x0000011c   Code   RO         4208    i.gyro_self_test    inv_mpu.o
    0x08006b38   0x08006b38   0x00000028   Code   RO         4209    i.inv_orientation_matrix_to_scalar  inv_mpu.o
    0x08006b60   0x08006b60   0x0000004e   Code   RO         4210    i.inv_row_2_scale   inv_mpu.o
    0x08006bae   0x08006bae   0x00000002   PAD
    0x08006bb0   0x08006bb0   0x00000040   Code   RO         3685    i.limit_angle       control.o
    0x08006bf0   0x08006bf0   0x000000f0   Code   RO         3835    i.location_pid_realize  pid.o
    0x08006ce0   0x08006ce0   0x00000160   Code   RO           15    i.main              main.o
    0x08006e40   0x08006e40   0x00000002   Code   RO         4211    i.mget_ms           inv_mpu.o
    0x08006e42   0x08006e42   0x00000002   PAD
    0x08006e44   0x08006e44   0x00000070   Code   RO         4212    i.mpu_configure_fifo  inv_mpu.o
    0x08006eb4   0x08006eb4   0x00000218   Code   RO         4213    i.mpu_dmp_get_data  inv_mpu.o
    0x080070cc   0x080070cc   0x00000094   Code   RO         4214    i.mpu_dmp_init      inv_mpu.o
    0x08007160   0x08007160   0x0000004c   Code   RO         4215    i.mpu_get_accel_fsr  inv_mpu.o
    0x080071ac   0x080071ac   0x00000054   Code   RO         4217    i.mpu_get_accel_sens  inv_mpu.o
    0x08007200   0x08007200   0x00000010   Code   RO         4222    i.mpu_get_fifo_config  inv_mpu.o
    0x08007210   0x08007210   0x00000044   Code   RO         4223    i.mpu_get_gyro_fsr  inv_mpu.o
    0x08007254   0x08007254   0x00000060   Code   RO         4225    i.mpu_get_gyro_sens  inv_mpu.o
    0x080072b4   0x080072b4   0x00000050   Code   RO         4227    i.mpu_get_lpf       inv_mpu.o
    0x08007304   0x08007304   0x00000020   Code   RO         4229    i.mpu_get_sample_rate  inv_mpu.o
    0x08007324   0x08007324   0x000001c4   Code   RO         4231    i.mpu_init          inv_mpu.o
    0x080074e8   0x080074e8   0x000000b8   Code   RO         4232    i.mpu_load_firmware  inv_mpu.o
    0x080075a0   0x080075a0   0x000000e0   Code   RO         4233    i.mpu_lp_accel_mode  inv_mpu.o
    0x08007680   0x08007680   0x000000c0   Code   RO         4236    i.mpu_read_fifo_stream  inv_mpu.o
    0x08007740   0x08007740   0x00000080   Code   RO         4237    i.mpu_read_mem      inv_mpu.o
    0x080077c0   0x080077c0   0x000001c8   Code   RO         4240    i.mpu_reset_fifo    inv_mpu.o
    0x08007988   0x08007988   0x0000011c   Code   RO         4241    i.mpu_run_self_test  inv_mpu.o
    0x08007aa4   0x08007aa4   0x00000084   Code   RO         4243    i.mpu_set_accel_fsr  inv_mpu.o
    0x08007b28   0x08007b28   0x0000014c   Code   RO         4244    i.mpu_set_bypass    inv_mpu.o
    0x08007c74   0x08007c74   0x00000090   Code   RO         4246    i.mpu_set_dmp_state  inv_mpu.o
    0x08007d04   0x08007d04   0x00000088   Code   RO         4247    i.mpu_set_gyro_fsr  inv_mpu.o
    0x08007d8c   0x08007d8c   0x0000006c   Code   RO         4248    i.mpu_set_int_latched  inv_mpu.o
    0x08007df8   0x08007df8   0x00000084   Code   RO         4250    i.mpu_set_lpf       inv_mpu.o
    0x08007e7c   0x08007e7c   0x0000009c   Code   RO         4251    i.mpu_set_sample_rate  inv_mpu.o
    0x08007f18   0x08007f18   0x000000d0   Code   RO         4252    i.mpu_set_sensors   inv_mpu.o
    0x08007fe8   0x08007fe8   0x00000080   Code   RO         4253    i.mpu_write_mem     inv_mpu.o
    0x08008068   0x08008068   0x0000009a   Code   RO         4254    i.run_self_test     inv_mpu.o
    0x08008102   0x08008102   0x00000002   PAD
    0x08008104   0x08008104   0x00000090   Code   RO         4255    i.set_int_enable    inv_mpu.o
    0x08008194   0x08008194   0x0000000e   Code   RO         3836    i.set_p_i_d         pid.o
    0x080081a2   0x080081a2   0x00000006   Code   RO         3837    i.set_pid_target    pid.o
    0x080081a8   0x080081a8   0x00000090   Code   RO         3838    i.speed_pid_realize  pid.o
    0x08008238   0x08008238   0x0000006e   Code   RO         4944    i.sqrt              m_wm.l(sqrt.o)
    0x080082a6   0x080082a6   0x00000002   PAD
    0x080082a8   0x080082a8   0x0000002c   Code   RO         5021    locale$$code        c_w.l(lc_numeric_c.o)
    0x080082d4   0x080082d4   0x00000018   Code   RO         4892    x$fpl$basic         fz_wm.l(basic.o)
    0x080082ec   0x080082ec   0x00000062   Code   RO         4820    x$fpl$d2f           fz_wm.l(d2f.o)
    0x0800834e   0x0800834e   0x00000002   PAD
    0x08008350   0x08008350   0x00000150   Code   RO         4822    x$fpl$dadd          fz_wm.l(daddsub_clz.o)
    0x080084a0   0x080084a0   0x000002b0   Code   RO         4829    x$fpl$ddiv          fz_wm.l(ddiv.o)
    0x08008750   0x08008750   0x00000154   Code   RO         4838    x$fpl$dmul          fz_wm.l(dmul.o)
    0x080088a4   0x080088a4   0x0000009c   Code   RO         4894    x$fpl$dnaninf       fz_wm.l(dnaninf.o)
    0x08008940   0x08008940   0x0000000c   Code   RO         4896    x$fpl$dretinf       fz_wm.l(dretinf.o)
    0x0800894c   0x0800894c   0x00000016   Code   RO         4823    x$fpl$drsb          fz_wm.l(daddsub_clz.o)
    0x08008962   0x08008962   0x00000002   PAD
    0x08008964   0x08008964   0x00000198   Code   RO         5025    x$fpl$dsqrt         fz_wm.l(dsqrt_umaal.o)
    0x08008afc   0x08008afc   0x000001d4   Code   RO         4824    x$fpl$dsub          fz_wm.l(daddsub_clz.o)
    0x08008cd0   0x08008cd0   0x00000056   Code   RO         4840    x$fpl$f2d           fz_wm.l(f2d.o)
    0x08008d26   0x08008d26   0x0000008c   Code   RO         4898    x$fpl$fnaninf       fz_wm.l(fnaninf.o)
    0x08008db2   0x08008db2   0x0000000a   Code   RO         5241    x$fpl$fpinit        fz_wm.l(fpinit.o)
    0x08008dbc   0x08008dbc   0x0000000a   Code   RO         4900    x$fpl$fretinf       fz_wm.l(fretinf.o)
    0x08008dc6   0x08008dc6   0x00000004   Code   RO         4842    x$fpl$printf1       fz_wm.l(printf1.o)
    0x08008dca   0x08008dca   0x00000000   Code   RO         4902    x$fpl$usenofp       fz_wm.l(usenofp.o)
    0x08008dca   0x08008dca   0x00000018   Data   RO         3647    .constdata          system_stm32f4xx.o
    0x08008de2   0x08008de2   0x00000002   PAD
    0x08008de4   0x08008de4   0x00000050   Data   RO         4257    .constdata          inv_mpu.o
    0x08008e34   0x08008e34   0x00000bf6   Data   RO         4590    .constdata          inv_mpu_dmp_motion_driver.o
    0x08009a2a   0x08009a2a   0x00000011   Data   RO         4805    .constdata          c_w.l(__printf_flags_ss_wp.o)
    0x08009a3b   0x08009a3b   0x00000005   PAD
    0x08009a40   0x08009a40   0x00000050   Data   RO         4847    .constdata          m_wm.l(asin.o)
    0x08009a90   0x08009a90   0x00000098   Data   RO         4906    .constdata          m_wm.l(atan.o)
    0x08009b28   0x08009b28   0x00000008   Data   RO         4941    .constdata          m_wm.l(qnan.o)
    0x08009b30   0x08009b30   0x00000094   Data   RO         4988    .constdata          c_w.l(bigflt0.o)
    0x08009bc4   0x08009bc4   0x00000004   Data   RO         5030    .constdata          c_w.l(sys_io.o)
    0x08009bc8   0x08009bc8   0x00000004   Data   RO         5031    .constdata          c_w.l(sys_io.o)
    0x08009bcc   0x08009bcc   0x00000004   Data   RO         5032    .constdata          c_w.l(sys_io.o)
    0x08009bd0   0x08009bd0   0x0000004d   Data   RO         4258    .conststring        inv_mpu.o
    0x08009c1d   0x08009c1d   0x00000003   PAD
    0x08009c20   0x08009c20   0x00000020   Data   RO         5312    Region$$Table       anon$$obj.o
    0x08009c40   0x08009c40   0x0000001c   Data   RO         5020    locale$$data        c_w.l(lc_numeric_c.o)


    Execution Region RW_IRAM1 (Exec base: 0x20000000, Load base: 0x08009c5c, Size: 0x00000a28, Max: 0x00020000, ABSOLUTE)

    Exec Addr    Load Addr    Size         Type   Attr      Idx    E Section Name        Object

    0x20000000   0x08009c5c   0x00000010   Data   RW           16    .data               main.o
    0x20000010   0x08009c6c   0x00000009   Data   RW         2057    .data               stm32f4xx_hal.o
    0x20000019   0x08009c75   0x00000003   PAD
    0x2000001c   0x08009c78   0x00000004   Data   RW         3648    .data               system_stm32f4xx.o
    0x20000020   0x08009c7c   0x0000003c   Data   RW         3687    .data               control.o
    0x2000005c   0x08009cb8   0x00000004   Data   RW         3895    .data               servo.o
    0x20000060   0x08009cbc   0x0000000b   Data   RW         3930    .data               uart.o
    0x2000006b   0x08009cc7   0x00000001   PAD
    0x2000006c   0x08009cc8   0x00000035   Data   RW         4259    .data               inv_mpu.o
    0x200000a1   0x08009cfd   0x00000003   PAD
    0x200000a4   0x08009d00   0x00000004   Data   RW         4887    .data               c_w.l(stdio_streams.o)
    0x200000a8   0x08009d04   0x00000004   Data   RW         4888    .data               c_w.l(stdio_streams.o)
    0x200000ac   0x08009d08   0x00000004   Data   RW         4889    .data               c_w.l(stdio_streams.o)
    0x200000b0        -       0x00000054   Zero   RW          234    .bss                i2c.o
    0x20000104        -       0x000000d8   Zero   RW          279    .bss                tim.o
    0x200001dc        -       0x00000048   Zero   RW          336    .bss                usart.o
    0x20000224        -       0x00000080   Zero   RW         3839    .bss                pid.o
    0x200002a4        -       0x00000014   Zero   RW         3929    .bss                uart.o
    0x200002b8        -       0x00000010   Zero   RW         4589    .bss                inv_mpu_dmp_motion_driver.o
    0x200002c8        -       0x00000054   Zero   RW         4884    .bss                c_w.l(stdio_streams.o)
    0x2000031c        -       0x00000054   Zero   RW         4885    .bss                c_w.l(stdio_streams.o)
    0x20000370        -       0x00000054   Zero   RW         4886    .bss                c_w.l(stdio_streams.o)
    0x200003c4        -       0x00000060   Zero   RW         5035    .bss                c_w.l(libspace.o)
    0x20000424   0x08009d0c   0x00000004   PAD
    0x20000428        -       0x00000200   Zero   RW            2    HEAP                startup_stm32f411xe.o
    0x20000628        -       0x00000400   Zero   RW            1    STACK               startup_stm32f411xe.o


==============================================================================

Image component sizes


      Code (inc. data)   RO Data    RW Data    ZI Data      Debug   Object Name

       810        122          0         60          0       3830   control.o
        68         16          0          0          0        912   control_logic.o
       248         18          0          0          0        987   gpio.o
       196         26          0          0         84       1617   i2c.o
      6882        280        157         53          0      31388   inv_mpu.o
      3128        138       3062          0         16      20766   inv_mpu_dmp_motion_driver.o
       534        106          0         16          0     431420   main.o
       254          0          0          0          0       2819   mpu6050.o
       658         30          0          0          0       6705   mpuiic.o
       404         10          0          0        128       3476   pid.o
        28          6          0          0          0        524   print.o
       172         32          0          4          0       1197   servo.o
        64         26        408          0       1536        832   startup_stm32f411xe.o
       212         36          0          9          0       9169   stm32f4xx_hal.o
       312         22          0          0          0      34267   stm32f4xx_hal_cortex.o
       212          0          0          0          0       1919   stm32f4xx_hal_dma.o
       504         32          0          0          0       3356   stm32f4xx_hal_gpio.o
       464         18          0          0          0       2123   stm32f4xx_hal_i2c.o
        72          4          0          0          0        838   stm32f4xx_hal_msp.o
      1820         84          0          0          0       5556   stm32f4xx_hal_rcc.o
      2318        116          0          0          0      16953   stm32f4xx_hal_tim.o
       160         22          0          0          0       2477   stm32f4xx_hal_tim_ex.o
      2400         14          0          0          0      12364   stm32f4xx_hal_uart.o
        82         18          0          0          0       5595   stm32f4xx_it.o
        20          6         24          4          0       1099   system_stm32f4xx.o
       640         44          0          0        216       3698   tim.o
       404         54          0         11         20       2205   uart.o
       208         22          0          0         72       1662   usart.o

    ----------------------------------------------------------------------
     23296       1306       3688        164       2072     609754   Object Totals
         0          0         32          0          0          0   (incl. Generated)
        22          4          5          7          0          0   (incl. Padding)

    ----------------------------------------------------------------------

      Code (inc. data)   RO Data    RW Data    ZI Data      Debug   Library Member Name

         8          0          0          0          0         68   __main.o
       392          4         17          0          0         92   __printf_flags_ss_wp.o
        14          0          0          0          0         68   __printf_wp.o
         0          0          0          0          0          0   __rtentry.o
        12          0          0          0          0          0   __rtentry2.o
         6          0          0          0          0          0   __rtentry4.o
        52          8          0          0          0          0   __scatter.o
        26          0          0          0          0          0   __scatter_copy.o
        28          0          0          0          0          0   __scatter_zi.o
        48          6          0          0          0         96   _printf_char_common.o
        36          4          0          0          0         80   _printf_char_file.o
         6          0          0          0          0          0   _printf_f.o
      1054          0          0          0          0        216   _printf_fp_dec.o
       128         16          0          0          0         84   _printf_fp_infnan.o
         0          0          0          0          0          0   _printf_percent.o
         4          0          0          0          0          0   _printf_percent_end.o
        22          0          0          0          0        100   _rserrno.o
        16          0          0          0          0         68   aeabi_memset.o
       228          4        148          0          0         96   bigflt0.o
      1936        128          0          0          0        672   btod.o
        10          0          0          0          0         68   defsig_exit.o
        50          0          0          0          0         88   defsig_general.o
        80         58          0          0          0         76   defsig_rtmem_inner.o
        14          0          0          0          0         80   defsig_rtmem_outer.o
        52         38          0          0          0         76   defsig_rtred_inner.o
        14          0          0          0          0         80   defsig_rtred_outer.o
        18          0          0          0          0         80   exit.o
        76          0          0          0          0         88   fclose.o
         8          0          0          0          0         68   ferror.o
       236          4          0          0          0        128   fopen.o
       248          6          0          0          0         84   fseek.o
        66          0          0          0          0         76   ftell.o
        94          0          0          0          0         80   h1_alloc.o
        52          0          0          0          0         68   h1_extend.o
        78          0          0          0          0         80   h1_free.o
        14          0          0          0          0         84   h1_init.o
         6          0          0          0          0        152   heapauxi.o
         4          0          0          0          0        136   hguard.o
         0          0          0          0          0          0   indicate_semi.o
       138          0          0          0          0        168   init_alloc.o
       312         46          0          0          0        112   initio.o
        44         10         28          0          0         76   lc_numeric_c.o
         2          0          0          0          0          0   libinit.o
        34          0          0          0          0          0   libinit2.o
         2          0          0          0          0          0   libshutdown.o
         6          0          0          0          0          0   libshutdown2.o
         8          4          0          0         96         68   libspace.o
        72          0          0          0          0         76   llsdiv.o
       138          0          0          0          0         80   lludiv10.o
       238          0          0          0          0        100   lludivv7m.o
         0          0          0          0          0          0   maybetermalloc1.o
        88          0          0          0          0         76   memcmp.o
        24          4          0          0          0         84   noretval__2printf.o
         8          4          0          0          0         68   rt_errno_addr_intlibspace.o
         8          4          0          0          0         68   rt_heap_descriptor_intlibspace.o
         8          4          0          0          0         68   rt_locale_intlibspace.o
        68          0          0          0          0         68   rt_memclr.o
        78          0          0          0          0         80   rt_memclr_w.o
         2          0          0          0          0          0   rtexit.o
        10          0          0          0          0          0   rtexit2.o
        70          0          0          0          0         80   setvbuf.o
       240          6          0          0          0        156   stdio.o
         0          0          0         12        252          0   stdio_streams.o
       128          0          0          0          0         68   strcmpv7m.o
        62          0          0          0          0         76   strlen.o
        12          4          0          0          0         68   sys_exit.o
       102          0         12          0          0        240   sys_io.o
        74          0          0          0          0         80   sys_stackheap_outer.o
        14          0          0          0          0         76   sys_wrch.o
         2          0          0          0          0         68   use_no_semi.o
        24          0          0          0          0        164   basic.o
        98          4          0          0          0        140   d2f.o
       826         16          0          0          0        492   daddsub_clz.o
       688        140          0          0          0        256   ddiv.o
       340         12          0          0          0        152   dmul.o
       156          4          0          0          0        140   dnaninf.o
        12          0          0          0          0        116   dretinf.o
       408         56          0          0          0        168   dsqrt_umaal.o
        86          4          0          0          0        132   f2d.o
       140          4          0          0          0        132   fnaninf.o
        10          0          0          0          0        116   fpinit.o
        10          0          0          0          0        116   fretinf.o
         4          0          0          0          0        116   printf1.o
         0          0          0          0          0          0   usenofp.o
       864         94         80          0          0        280   asin.o
       744        106        152          0          0        352   atan.o
       496         64          0          0          0        192   atan2.o
       104         16          0          0          0        496   dunder.o
        24          0          0          0          0        124   fabs.o
        48          0          0          0          0        124   fpclassify.o
       248          0          0          0          0        152   poly.o
         0          0          8          0          0          0   qnan.o
       110          0          0          0          0        148   sqrt.o

    ----------------------------------------------------------------------
     12594        882        450         12        352       9444   Library Totals
        26          0          5          0          4          0   (incl. Padding)

    ----------------------------------------------------------------------

      Code (inc. data)   RO Data    RW Data    ZI Data      Debug   Library Name

      7128        362        205         12        348       5336   c_w.l
      2802        240          0          0          0       2240   fz_wm.l
      2638        280        240          0          0       1868   m_wm.l

    ----------------------------------------------------------------------
     12594        882        450         12        352       9444   Library Totals

    ----------------------------------------------------------------------

==============================================================================


      Code (inc. data)   RO Data    RW Data    ZI Data      Debug   

     35890       2188       4138        176       2424     597334   Grand Totals
     35890       2188       4138        176       2424     597334   ELF Image Totals
     35890       2188       4138        176          0          0   ROM Totals

==============================================================================

    Total RO  Size (Code + RO Data)                40028 (  39.09kB)
    Total RW  Size (RW Data + ZI Data)              2600 (   2.54kB)
    Total ROM Size (Code + RO Data + RW Data)      40204 (  39.26kB)

==============================================================================

